Archive member included because of file (symbol)

../../../../BitCloud/lib/libBc_All_Atmega256rfr2_Atmega256rfr2_Gcc.a(aps.o)
                              All_MegaRf_Atmega256rfr2_8Mhz_Gcc/Obj/app.o (APS_DataReq)
../../../../BitCloud/lib/libBc_All_Atmega256rfr2_Atmega256rfr2_Gcc.a(macenvPib.o)
                              All_MegaRf_Atmega256rfr2_8Mhz_Gcc/Obj/sysUtils.o (MAC_GetExtAddr)
../../../../BitCloud/lib/libBc_All_Atmega256rfr2_Atmega256rfr2_Gcc.a(machwdManager.o)
                              All_MegaRf_Atmega256rfr2_8Mhz_Gcc/Obj/sysUtils.o (RF_RandomReq)
../../../../BitCloud/lib/libBc_All_Atmega256rfr2_Atmega256rfr2_Gcc.a(machwdRegAccessHandler.o)
                              ../../../../BitCloud/lib/libBc_All_Atmega256rfr2_Atmega256rfr2_Gcc.a(machwdManager.o) (machwdRegAccessReqHandler)
../../../../BitCloud/lib/libBc_All_Atmega256rfr2_Atmega256rfr2_Gcc.a(machwdResetHandler.o)
                              ../../../../BitCloud/lib/libBc_All_Atmega256rfr2_Atmega256rfr2_Gcc.a(machwdManager.o) (machwdReset)
../../../../BitCloud/lib/libBc_All_Atmega256rfr2_Atmega256rfr2_Gcc.a(machwdRndHandler.o)
                              ../../../../BitCloud/lib/libBc_All_Atmega256rfr2_Atmega256rfr2_Gcc.a(machwdManager.o) (machwdRndReqHandler)
../../../../BitCloud/lib/libBc_All_Atmega256rfr2_Atmega256rfr2_Gcc.a(machwdRxBuffer.o)
                              ../../../../BitCloud/lib/libBc_All_Atmega256rfr2_Atmega256rfr2_Gcc.a(machwdResetHandler.o) (machwdResetRxBuffers)
../../../../BitCloud/lib/libBc_All_Atmega256rfr2_Atmega256rfr2_Gcc.a(machwdRxFrameHandler.o)
                              ../../../../BitCloud/lib/libBc_All_Atmega256rfr2_Atmega256rfr2_Gcc.a(machwdManager.o) (machwdDataReqIndTaskHandler)
../../../../BitCloud/lib/libBc_All_Atmega256rfr2_Atmega256rfr2_Gcc.a(machwdSetHandler.o)
                              ../../../../BitCloud/lib/libBc_All_Atmega256rfr2_Atmega256rfr2_Gcc.a(machwdManager.o) (machwdSetReqHandler)
../../../../BitCloud/lib/libBc_All_Atmega256rfr2_Atmega256rfr2_Gcc.a(machwdTrxCtrl.o)
                              ../../../../BitCloud/lib/libBc_All_Atmega256rfr2_Atmega256rfr2_Gcc.a(machwdSetHandler.o) (machwdSendTrxCmd)
../../../../BitCloud/lib/libBc_All_Atmega256rfr2_Atmega256rfr2_Gcc.a(machwdTrxHandler.o)
                              ../../../../BitCloud/lib/libBc_All_Atmega256rfr2_Atmega256rfr2_Gcc.a(machwdManager.o) (machwdTrxReqHandler)
../../../../BitCloud/lib/libBc_All_Atmega256rfr2_Atmega256rfr2_Gcc.a(machwdTxFrameHandler.o)
                              ../../../../BitCloud/lib/libBc_All_Atmega256rfr2_Atmega256rfr2_Gcc.a(machwdManager.o) (machwdTxFrameHandlerSubState)
../../../../BitCloud/lib/libBc_All_Atmega256rfr2_Atmega256rfr2_Gcc.a(machwiManager.o)
                              All_MegaRf_Atmega256rfr2_8Mhz_Gcc/Obj/sysTaskManager.o (MAC_HWI_TaskHandler)
../../../../BitCloud/lib/libBc_All_Atmega256rfr2_Atmega256rfr2_Gcc.a(machwiOrphanHandler.o)
                              ../../../../BitCloud/lib/libBc_All_Atmega256rfr2_Atmega256rfr2_Gcc.a(machwiManager.o) (machwiOrphanRespHandler)
../../../../BitCloud/lib/libBc_All_Atmega256rfr2_Atmega256rfr2_Gcc.a(machwiPanServer.o)
                              ../../../../BitCloud/lib/libBc_All_Atmega256rfr2_Atmega256rfr2_Gcc.a(machwdRxFrameHandler.o) (MACHWD_DataInd)
../../../../BitCloud/lib/libBc_All_Atmega256rfr2_Atmega256rfr2_Gcc.a(machwiPollHandler.o)
                              ../../../../BitCloud/lib/libBc_All_Atmega256rfr2_Atmega256rfr2_Gcc.a(machwiPanServer.o) (machwiPollInd)
../../../../BitCloud/lib/libBc_All_Atmega256rfr2_Atmega256rfr2_Gcc.a(machwiPurgeHandler.o)
                              ../../../../BitCloud/lib/libBc_All_Atmega256rfr2_Atmega256rfr2_Gcc.a(machwiManager.o) (machwiPurgeReqHandler)
../../../../BitCloud/lib/libBc_All_Atmega256rfr2_Atmega256rfr2_Gcc.a(machwiResetHandler.o)
                              ../../../../BitCloud/lib/libBc_All_Atmega256rfr2_Atmega256rfr2_Gcc.a(machwiManager.o) (machwiResetReqHandler)
../../../../BitCloud/lib/libBc_All_Atmega256rfr2_Atmega256rfr2_Gcc.a(machwiRxEnableHandler.o)
                              ../../../../BitCloud/lib/libBc_All_Atmega256rfr2_Atmega256rfr2_Gcc.a(machwiManager.o) (machwiRxEnableReqHandler)
../../../../BitCloud/lib/libBc_All_Atmega256rfr2_Atmega256rfr2_Gcc.a(machwiScanHandler.o)
                              ../../../../BitCloud/lib/libBc_All_Atmega256rfr2_Atmega256rfr2_Gcc.a(machwiManager.o) (machwiScanReqHandler)
../../../../BitCloud/lib/libBc_All_Atmega256rfr2_Atmega256rfr2_Gcc.a(machwiSetGetHandler.o)
                              ../../../../BitCloud/lib/libBc_All_Atmega256rfr2_Atmega256rfr2_Gcc.a(machwiManager.o) (machwiGetReqHandler)
../../../../BitCloud/lib/libBc_All_Atmega256rfr2_Atmega256rfr2_Gcc.a(machwiStartHandler.o)
                              ../../../../BitCloud/lib/libBc_All_Atmega256rfr2_Atmega256rfr2_Gcc.a(machwiManager.o) (machwiStartReqHandler)
[...]
Memory Configuration

Name             Origin             Length             Attributes
text             0x00000000         0x00040000         xr
boot             0x0003f000         0x00001000         xr
access           0x0003fff0         0x00000010         xr
data             0x00800200         0x00007e0c         rw !x
eeprom           0x00810000         0x00002000         rw !x
*default*        0x00000000         0xffffffff

Linker script and memory map

Address of section .data set to 0x800200
LOAD c:/program files (x86)/atmel/atmel toolchain/avr8 gcc/native/3.4.1061/avr8-gnu-toolchain/bin/../lib/gcc/avr/4.8.1/../../../../avr/lib/avr6/crtm256rfr2.o

.text           0x00000000    0x1f230
                0x00000000                PROVIDE (__text_start, .)
 *(.vectors)
 .vectors       0x00000000      0x134 c:/program files (x86)/atmel/atmel toolchain/avr8 gcc/native/3.4.1061/avr8-gnu-toolchain/bin/../lib/gcc/avr/4.8.1/../../../../avr/lib/avr6/crtm256rfr2.o
                0x00000000                __vector_default
                0x00000000                __vectors
 *(.vectors)
                0x00000400                . = ALIGN (0x400)
 *fill*         0x00000134      0x2cc 
                0x00000400                PROVIDE (__d_nv_mem_start, .)
                0x00004400                . = ALIGN (0x4400)
 *fill*         0x00000400     0x4000 
                0x00004400                PROVIDE (__d_nv_mem_end, .)
                0x00004400                PROVIDE (__pds_ff_start, .)
 *(.pds_ff)
 .pds_ff        0x00004400       0x96 All_MegaRf_Atmega256rfr2_8Mhz_Gcc/Obj/csPersistentMem.o
                0x00004400                pds_ff_CS_APS_BINDING_TABLE_MEM_ID
                0x00004406                pds_ff_CS_GROUP_TABLE_MEM_ID
                0x0000440c                pds_ff_CS_NEIB_TABLE_MEM_ID
                0x00004412                pds_ff_CS_NWK_LOGICAL_CHANNEL_MEM_ID
                0x00004418                pds_ff_CS_NWK_EXT_PANID_MEM_ID
                0x0000441e                pds_ff_CS_NWK_DEPTH_MEM_ID
                0x00004424                pds_ff_CS_NWK_PARENT_ADDR_MEM_ID
                0x0000442a                pds_ff_NWK_RREQ_IDENTIFIER_MEM_ID
                0x00004430                pds_ff_NWK_UPDATE_ID_MEM_ID
                0x00004436                pds_ff_CS_DTR_WAKEUP_MEM_ID
                0x0000443c                pds_ff_CS_NWK_LEAVE_REQ_ALLOWED_MEM_ID
                0x00004442                pds_ff_CS_NWK_UNIQUE_ADDR_MEM_ID
                0x00004448                pds_ff_CS_NWK_ADDR_MEM_ID
                0x0000444e                pds_ff_CS_NWK_PREDEFINED_PANID_MEM_ID
                0x00004454                pds_ff_CS_NWK_PANID_MEM_ID
                0x0000445a                pds_ff_CS_ZDP_USER_DESCRIPTOR_MEM_ID
                0x00004460                pds_ff_CS_USER_DESCRIPTOR_AVAILABLE_MEM_ID
                0x00004466                pds_ff_CS_COMPLEX_DESCRIPTOR_AVAILABLE_MEM_ID
                0x0000446c                pds_ff_CS_RX_ON_WHEN_IDLE_MEM_ID
                0x00004472                pds_ff_CS_DEVICE_TYPE_MEM_ID
                0x00004478                pds_ff_CS_CHANNEL_PAGE_MEM_ID
                0x0000447e                pds_ff_CS_CHANNEL_MASK_MEM_ID
                0x00004484                pds_ff_CS_EXT_PANID_MEM_ID
                0x0000448a                pds_ff_CS_RF_TX_POWER_MEM_ID
                0x00004490                pds_ff_CS_UID_MEM_ID
                0x00004496                PROVIDE (__pds_ff_end, .)
                0x00004496                PROVIDE (__pds_fd_start, .)
 *(.pds_fd)
 .pds_fd        0x00004496       0x1e All_MegaRf_Atmega256rfr2_8Mhz_Gcc/Obj/csPersistentMem.o
                0x00004496                BCRejoinParamsDirDescr
                0x0000449c                BCExtGenParamsDirDescr
                0x000044a2                BCSystemDirDescr
                0x000044a8                csExtendedParamsDirDescr
                0x000044ae                csGeneralParamsDirDescr
                0x000044b4                PROVIDE (__pds_fd_end, .)
 *(.progmem.gcc*)
 .progmem.gcc_sw_table.APL_TaskHandler
                0x000044b4       0x20 All_MegaRf_Atmega256rfr2_8Mhz_Gcc/Obj/app.o
 .progmem.gcc_sw_table.macenvSetPibAttr
                0x000044d4       0x9a ../../../../BitCloud/lib/libBc_All_Atmega256rfr2_Atmega256rfr2_Gcc.a(macenvPib.o)
 .progmem.gcc_sw_table.macenvGetPibAttr
                0x0000456e       0x9a ../../../../BitCloud/lib/libBc_All_Atmega256rfr2_Atmega256rfr2_Gcc.a(macenvPib.o)
 .progmem.gcc_sw_table.MAC_PHY_HWD_TaskHandler
                0x00004608       0x2a ../../../../BitCloud/lib/libBc_All_Atmega256rfr2_Atmega256rfr2_Gcc.a(machwdManager.o)
 .progmem.gcc_sw_table.machwiSendConfToUpperLayer
                0x00004632       0x20 ../../../../BitCloud/lib/libBc_All_Atmega256rfr2_Atmega256rfr2_Gcc.a(machwiManager.o)
 .progmem.gcc_sw_table.MAC_HWI_TaskHandler
                0x00004652       0x1c ../../../../BitCloud/lib/libBc_All_Atmega256rfr2_Atmega256rfr2_Gcc.a(machwiManager.o)
 .progmem.gcc_sw_table.MACHWD_DataInd
                0x0000466e       0x16 ../../../../BitCloud/lib/libBc_All_Atmega256rfr2_Atmega256rfr2_Gcc.a(machwiPanServer.o)
 .progmem.gcc_sw_table.machwdSetConfirm
                0x00004684       0x20 ../../../../BitCloud/lib/libBc_All_Atmega256rfr2_Atmega256rfr2_Gcc.a(machwiScanHandler.o)
 .progmem.gcc_sw_table.nwkJoinReqMacSetConf
                0x000046a4       0x24 ../../../../BitCloud/lib/libBc_All_Atmega256rfr2_Atmega256rfr2_Gcc.a(nwk.o)
 .progmem.gcc_sw_table.nwkTxDelayReq
                0x000046c8       0x1e ../../../../BitCloud/lib/libBc_All_Atmega256rfr2_Atmega256rfr2_Gcc.a(nwk.o)
 .progmem.gcc_sw_table.nwkTxTaskHandler
                0x000046e6       0x14 ../../../../BitCloud/lib/libBc_All_Atmega256rfr2_Atmega256rfr2_Gcc.a(nwk.o)
 .progmem.gcc_sw_table.zdoZdpReqHandler
                0x000046fa       0x2c ../../../../BitCloud/lib/libBc_All_Atmega256rfr2_Atmega256rfr2_Gcc.a(zdo.o)
 .progmem.gcc_sw_table.NWK_NwkStatusInd
                0x00004726       0x1c ../../../../BitCloud/lib/libBc_All_Atmega256rfr2_Atmega256rfr2_Gcc.a(zdo.o)
 .progmem.gcc_sw_table.APS_ZdoDataInd
                0x00004742       0x2c ../../../../BitCloud/lib/libBc_All_Atmega256rfr2_Atmega256rfr2_Gcc.a(zdo.o)
 .progmem.gcc_sw_table.machwdParseFrame
                0x0000476e       0x10 ../../../../BitCloud/lib/libBc_All_Atmega256rfr2_Atmega256rfr2_Gcc.a(machwdFrameRoutine.o)
 .progmem.gcc_sw_table.machwdComposeFrame
                0x0000477e       0x16 ../../../../BitCloud/lib/libBc_All_Atmega256rfr2_Atmega256rfr2_Gcc.a(machwdFrameRoutine.o)
 *(.progmem*)
 .progmem.data  0x00004794       0xaa All_MegaRf_Atmega256rfr2_8Mhz_Gcc/Obj/csPersistentMem.o
                0x00004794                BCRejoinParamsMemoryIdsTable
                0x000047b8                BCExtGenParamsMemoryIdsTable
                0x000047e2                BCSystemMemoryIdsTable
                0x00004814                CsExtendedMemoryIdsTable
                0x0000481c                CsGeneralMemoryIdsTable
 .progmem.data  0x0000483e      0x39f All_MegaRf_Atmega256rfr2_8Mhz_Gcc/Obj/csMem.o
                0x0000483e                csMemItems
                0x000048ce                csConstItems
                0x0000498a                csVarItems
                0x00004ac6                csReadOnlyItems
                0x00004af8                defaultSIB
                0x00004b40                defaultAIB
                0x00004b43                defaultZIB
                0x00004b56                defaultNIB
 .progmem.data  0x00004bdd       0x10 ../../../../BitCloud/lib/libBc_All_Atmega256rfr2_Atmega256rfr2_Gcc.a(aps.o)
 .progmem.data  0x00004bed      0x138 ../../../../BitCloud/lib/libBc_All_Atmega256rfr2_Atmega256rfr2_Gcc.a(nwk.o)
 .progmem.data  0x00004d25        0xc ../../../../BitCloud/lib/libBc_All_Atmega256rfr2_Atmega256rfr2_Gcc.a(zdo.o)
 .progmem.data  0x00004d31       0x20 ../../../../BitCloud/lib/libHAL_MegaRf_Atmega256rfr2_8Mhz_Gcc.a(halTaskManager.o)
                0x00004d31                halHandlers
 .progmem.data  0x00004d51        0xc ../../../../BitCloud/lib/libHAL_MegaRf_Atmega256rfr2_8Mhz_Gcc.a(usart.o)
                0x00004d5e                . = ALIGN (0x2)
 *fill*         0x00004d5d        0x1 
 *(.trampolines*)
 .trampolines   0x00004d5e        0x0 linker stubs
 *(.jumptables*)
 *(.lowtext*)
 *(.init0)
 .init0         0x00004d5e        0x0 c:/program files (x86)/atmel/atmel toolchain/avr8 gcc/native/3.4.1061/avr8-gnu-toolchain/bin/../lib/gcc/avr/4.8.1/../../../../avr/lib/avr6/crtm256rfr2.o
                0x00004d5e                __init
 .init0         0x00004d5e       0x36 ../../../../BitCloud/lib/WdtInitatmega256rfr2_Gcc.o
                0x00004d5e                halWdtInit
 *(.init0)
 *(.init1)
 .init1         0x00004d94       0x14 ../../../../BitCloud/lib/WdtInitatmega256rfr2_Gcc.o
                0x00004d94                halFillStack
 *(.init1)
 *(.init2)
 .init2         0x00004da8       0x10 c:/program files (x86)/atmel/atmel toolchain/avr8 gcc/native/3.4.1061/avr8-gnu-toolchain/bin/../lib/gcc/avr/4.8.1/../../../../avr/lib/avr6/crtm256rfr2.o
 *(.init2)
 *(.init3)
 *(.init3)
 *(.init4)
 .init4         0x00004db8       0x1a c:/program files (x86)/atmel/atmel toolchain/avr8 gcc/native/3.4.1061/avr8-gnu-toolchain/bin/../lib/gcc/avr/4.8.1/avr6\libgcc.a(_copy_data.o)
                0x00004db8                __do_copy_data
 .init4         0x00004dd2       0x10 c:/program files (x86)/atmel/atmel toolchain/avr8 gcc/native/3.4.1061/avr8-gnu-toolchain/bin/../lib/gcc/avr/4.8.1/avr6\libgcc.a(_clear_bss.o)
                0x00004dd2                __do_clear_bss
 *(.init4)
 *(.init5)
 *(.init5)
 *(.init6)
 *(.init6)
 *(.init7)
 *(.init7)
 *(.init8)
 *(.init8)
 *(.text.main)
 *(.text*main)
 .text.startup.main
                0x00004de2        0xa All_MegaRf_Atmega256rfr2_8Mhz_Gcc/Obj/app.o
                0x00004de2                main
 *(.text)
 .text          0x00004dec        0x4 c:/program files (x86)/atmel/atmel toolchain/avr8 gcc/native/3.4.1061/avr8-gnu-toolchain/bin/../lib/gcc/avr/4.8.1/../../../../avr/lib/avr6/crtm256rfr2.o
                0x00004dec                __vector_22
                0x00004dec                __vector_28
                0x00004dec                __vector_67
                0x00004dec                __vector_32
                0x00004dec                __vector_75
                0x00004dec                __vector_34
                0x00004dec                __vector_62
                0x00004dec                __vector_12
                0x00004dec                __vector_55
                0x00004dec                __vector_69
                0x00004dec                __vector_46
                0x00004dec                __bad_interrupt
                0x00004dec                __vector_72
                0x00004dec                __vector_31
                0x00004dec                __vector_35
                0x00004dec                __vector_74
                0x00004dec                __vector_23
                0x00004dec                __vector_68
                0x00004dec                __vector_73
                0x00004dec                __vector_45
                0x00004dec                __vector_61
                0x00004dec                __vector_11
                0x00004dec                __vector_54
                0x00004dec                __vector_17
                0x00004dec                __vector_19
                0x00004dec                __vector_56
                0x00004dec                __vector_49
                0x00004dec                __vector_41
                0x00004dec                __vector_64
                0x00004dec                __vector_33
                0x00004dec                __vector_76
                0x00004dec                __vector_47
                0x00004dec                __vector_52
                0x00004dec                __vector_44
                0x00004dec                __vector_51
                0x00004dec                __vector_21
                0x00004dec                __vector_66
                0x00004dec                __vector_58
                0x00004dec                __vector_70
                0x00004dec                __vector_40
                0x00004dec                __vector_48
                0x00004dec                __vector_14
                0x00004dec                __vector_57
                0x00004dec                __vector_53
                0x00004dec                __vector_50
                0x00004dec                __vector_16
                0x00004dec                __vector_59
                0x00004dec                __vector_18
                0x00004dec                __vector_20
                0x00004dec                __vector_65
 .text          0x00004df0       0xb8 ../../../../BitCloud/lib/libHAL_MegaRf_Atmega256rfr2_8Mhz_Gcc.a(halW1.o)
                0x00004df0                halResetW1
                0x00004e1c                halReadW1Bit
                0x00004e46                halReadW1
                0x00004e60                halWriteW1bit
                0x00004e88                halWriteW1
                0x00004e98                __delay_us
 .text          0x00004ea8       0x3a ../../../../BitCloud/lib/libHAL_MegaRf_Atmega256rfr2_8Mhz_Gcc.a(halCalibration.o)
                0x00004ea8                halMeasurement
 *(.text.*)
 .text.warm_up_timer_fired
                0x00004ee2        0x8 All_MegaRf_Atmega256rfr2_8Mhz_Gcc/Obj/app.o
 .text.read_timer_fired
                0x00004eea       0x20 All_MegaRf_Atmega256rfr2_8Mhz_Gcc/Obj/app.o
 .text.APS_DataInd
                0x00004f0a       0x14 All_MegaRf_Atmega256rfr2_8Mhz_Gcc/Obj/app.o
                0x00004f0a                APS_DataInd
 .text.read_alg_data_cb
                0x00004f1e       0xe0 All_MegaRf_Atmega256rfr2_8Mhz_Gcc/Obj/app.o
 .text.init_start_timer
                0x00004ffe       0x3a All_MegaRf_Atmega256rfr2_8Mhz_Gcc/Obj/app.o
 .text.init_sw_reset_timer
                0x00005038       0x34 All_MegaRf_Atmega256rfr2_8Mhz_Gcc/Obj/app.o
 .text.APS_DataConf
                0x0000506c       0x28 All_MegaRf_Atmega256rfr2_8Mhz_Gcc/Obj/app.o
 .text.ZDO_StartNetworkConf
                0x00005094       0x62 All_MegaRf_Atmega256rfr2_8Mhz_Gcc/Obj/app.o
 .text.callback
                0x000050f6       0x22 All_MegaRf_Atmega256rfr2_8Mhz_Gcc/Obj/app.o
 .text.set_register
                0x00005118       0x3c All_MegaRf_Atmega256rfr2_8Mhz_Gcc/Obj/app.o
                0x00005118                set_register
 .text.read_register
                0x00005154       0x24 All_MegaRf_Atmega256rfr2_8Mhz_Gcc/Obj/app.o
                0x00005154                read_register
 .text.close_I2C
                0x00005178       0x40 All_MegaRf_Atmega256rfr2_8Mhz_Gcc/Obj/app.o
                0x00005178                close_I2C
 .text.APL_TaskHandler
                0x000051b8      0x3ca All_MegaRf_Atmega256rfr2_8Mhz_Gcc/Obj/app.o
                0x000051b8                APL_TaskHandler
 .text.ZDO_MgmtNwkUpdateNotf
                0x00005582        0x2 All_MegaRf_Atmega256rfr2_8Mhz_Gcc/Obj/app.o
                0x00005582                ZDO_MgmtNwkUpdateNotf
 .text.ZDO_WakeUpInd
                0x00005584        0x2 All_MegaRf_Atmega256rfr2_8Mhz_Gcc/Obj/app.o
                0x00005584                ZDO_WakeUpInd
 .text.ZDO_BindIndication
                0x00005586        0x2 All_MegaRf_Atmega256rfr2_8Mhz_Gcc/Obj/app.o
                0x00005586                ZDO_BindIndication
 .text.ZDO_UnbindIndication
                0x00005588        0x2 All_MegaRf_Atmega256rfr2_8Mhz_Gcc/Obj/app.o
                0x00005588                ZDO_UnbindIndication
 .text.copyStrToBuffer
                0x0000558a       0x80 All_MegaRf_Atmega256rfr2_8Mhz_Gcc/Obj/usartManager.o
 .text.usartWriteConf
                0x0000560a       0xac All_MegaRf_Atmega256rfr2_8Mhz_Gcc/Obj/usartManager.o
 .text.appInitUsartManager
                0x000056b6       0x5e All_MegaRf_Atmega256rfr2_8Mhz_Gcc/Obj/usartManager.o
                0x000056b6                appInitUsartManager
 .text.appWriteDataToUsart
                0x00005714       0x68 All_MegaRf_Atmega256rfr2_8Mhz_Gcc/Obj/usartManager.o
                0x00005714                appWriteDataToUsart
 .text.uint8_to_hexstr
                0x0000577c       0x3a All_MegaRf_Atmega256rfr2_8Mhz_Gcc/Obj/usartManager.o
                0x0000577c                uint8_to_hexstr
 .text.uint16_to_hexstr
                0x000057b6       0x46 All_MegaRf_Atmega256rfr2_8Mhz_Gcc/Obj/usartManager.o
                0x000057b6                uint16_to_hexstr
 .text.uint32_to_str
                0x000057fc       0x62 All_MegaRf_Atmega256rfr2_8Mhz_Gcc/Obj/usartManager.o
                0x000057fc                uint32_to_str
 .text.pdsGetFileDescrRec
                0x0000585e       0x62 All_MegaRf_Atmega256rfr2_8Mhz_Gcc/Obj/stdPdsMemAccess.o
                0x0000585e                pdsGetFileDescrRec
 .text.pdsGetFileOffset
                0x000058c0      0x11a All_MegaRf_Atmega256rfr2_8Mhz_Gcc/Obj/stdPdsMemAccess.o
                0x000058c0                pdsGetFileOffset
 .text.pdsPrepareMemoryAccess
                0x000059da       0xd0 All_MegaRf_Atmega256rfr2_8Mhz_Gcc/Obj/stdPdsMemAccess.o
                0x000059da                pdsPrepareMemoryAccess
 .text.pdsExpandWithDirContent
                0x00005aaa      0x122 All_MegaRf_Atmega256rfr2_8Mhz_Gcc/Obj/stdPdsMemAccess.o
                0x00005aaa                pdsExpandWithDirContent
 .text.pdsPrepareAccessContext
                0x00005bcc       0x3a All_MegaRf_Atmega256rfr2_8Mhz_Gcc/Obj/stdPdsMemAccess.o
                0x00005bcc                pdsPrepareAccessContext
 .text.pdsTimerFired
                0x00005c06        0xc All_MegaRf_Atmega256rfr2_8Mhz_Gcc/Obj/stdPdsTimer.o
 .text.pdsTimerInit
                0x00005c12       0x12 All_MegaRf_Atmega256rfr2_8Mhz_Gcc/Obj/stdPdsTimer.o
                0x00005c12                pdsTimerInit
 .text.pdsDummyCallback
                0x00005c24        0x2 All_MegaRf_Atmega256rfr2_8Mhz_Gcc/Obj/stdPdsWriteData.o
                0x00005c24                pdsDummyCallback
 .text.pdsAddDataForCommitment
                0x00005c26       0x24 All_MegaRf_Atmega256rfr2_8Mhz_Gcc/Obj/stdPdsWriteData.o
                0x00005c26                pdsAddDataForCommitment
 .text.pdsWaitMemoryFree
                0x00005c4a        0xe All_MegaRf_Atmega256rfr2_8Mhz_Gcc/Obj/stdPdsWriteData.o
                0x00005c4a                pdsWaitMemoryFree
 .text.pdsWrite
                0x00005c58       0x3c All_MegaRf_Atmega256rfr2_8Mhz_Gcc/Obj/stdPdsWriteData.o
                0x00005c58                pdsWrite
 .text.pdsRead  0x00005c94       0x3c All_MegaRf_Atmega256rfr2_8Mhz_Gcc/Obj/stdPdsWriteData.o
                0x00005c94                pdsRead
 .text.pdsStartCommitment
                0x00005cd0      0x176 All_MegaRf_Atmega256rfr2_8Mhz_Gcc/Obj/stdPdsWriteData.o
                0x00005cd0                pdsStartCommitment
 .text.pdsCalculateRAMDataCrc
                0x00005e46       0x14 All_MegaRf_Atmega256rfr2_8Mhz_Gcc/Obj/stdPdsCrcService.o
                0x00005e46                pdsCalculateRAMDataCrc
 .text.PDS_Init
                0x00005e5a      0x29a All_MegaRf_Atmega256rfr2_8Mhz_Gcc/Obj/stdPdsInit.o
                0x00005e5a                PDS_Init
 .text.pdsMemMaskIsAnyBitSet
                0x000060f4       0x1a All_MegaRf_Atmega256rfr2_8Mhz_Gcc/Obj/stdPdsDataServer.o
 .text.pdsInitMemMask
                0x0000610e       0x36 All_MegaRf_Atmega256rfr2_8Mhz_Gcc/Obj/stdPdsDataServer.o
 .text.pdsGetMemoryAllowed.part.0
                0x00006144       0x1a All_MegaRf_Atmega256rfr2_8Mhz_Gcc/Obj/stdPdsDataServer.o
 .text.PDS_Store
                0x0000615e       0x3e All_MegaRf_Atmega256rfr2_8Mhz_Gcc/Obj/stdPdsDataServer.o
                0x0000615e                PDS_Store
 .text.PDS_TaskHandler
                0x0000619c        0x2 All_MegaRf_Atmega256rfr2_8Mhz_Gcc/Obj/stdPdsDataServer.o
                0x0000619c                PDS_TaskHandler
 .text.sysIdleHandlerSleepConf
                0x0000619e        0x2 All_MegaRf_Atmega256rfr2_8Mhz_Gcc/Obj/sysIdleHandler.o
 .text.SYS_IdleHandler
                0x000061a0       0x5a All_MegaRf_Atmega256rfr2_8Mhz_Gcc/Obj/sysIdleHandler.o
                0x000061a0                SYS_IdleHandler
 .text.SYS_IsSleepWhenIdleEnabled
                0x000061fa        0x6 All_MegaRf_Atmega256rfr2_8Mhz_Gcc/Obj/sysIdleHandler.o
                0x000061fa                SYS_IsSleepWhenIdleEnabled
 .text.SYS_Sleep
                0x00006200        0x6 All_MegaRf_Atmega256rfr2_8Mhz_Gcc/Obj/sysSleep.o
                0x00006200                SYS_Sleep
 .text.SYS_PostEvent
                0x00006206       0x9c All_MegaRf_Atmega256rfr2_8Mhz_Gcc/Obj/sysEventsHandler.o
                0x00006206                SYS_PostEvent
 .text.SYS_IsEventDeliverable
                0x000062a2       0x34 All_MegaRf_Atmega256rfr2_8Mhz_Gcc/Obj/sysEventsHandler.o
                0x000062a2                SYS_IsEventDeliverable
 .text.SYS_IsEventSubscriber
                0x000062d6       0x2e All_MegaRf_Atmega256rfr2_8Mhz_Gcc/Obj/sysEventsHandler.o
                0x000062d6                SYS_IsEventSubscriber
 .text.SYS_SubscribeToEvent
                0x00006304       0x82 All_MegaRf_Atmega256rfr2_8Mhz_Gcc/Obj/sysEventsHandler.o
                0x00006304                SYS_SubscribeToEvent
 .text.SYS_UnsubscribeFromEvent
                0x00006386       0x88 All_MegaRf_Atmega256rfr2_8Mhz_Gcc/Obj/sysEventsHandler.o
                0x00006386                SYS_UnsubscribeFromEvent
 .text.deleteHeadQueueElem
                0x0000640e       0x18 All_MegaRf_Atmega256rfr2_8Mhz_Gcc/Obj/sysQueue.o
                0x0000640e                deleteHeadQueueElem
 .text.deleteQueueElem
                0x00006426       0x40 All_MegaRf_Atmega256rfr2_8Mhz_Gcc/Obj/sysQueue.o
                0x00006426                deleteQueueElem
 .text.isQueueElem
                0x00006466       0x20 All_MegaRf_Atmega256rfr2_8Mhz_Gcc/Obj/sysQueue.o
                0x00006466                isQueueElem
 .text.putQueueElem
                0x00006486       0x56 All_MegaRf_Atmega256rfr2_8Mhz_Gcc/Obj/sysQueue.o
                0x00006486                putQueueElem
 .text.sysRndConfirm
                0x000064dc       0x46 All_MegaRf_Atmega256rfr2_8Mhz_Gcc/Obj/sysUtils.o
 .text.sysUpdateRndSeedTimerFired
                0x00006522        0xa All_MegaRf_Atmega256rfr2_8Mhz_Gcc/Obj/sysUtils.o
 .text.sysStartUpdatingRandSeed
                0x0000652c       0x24 All_MegaRf_Atmega256rfr2_8Mhz_Gcc/Obj/sysUtils.o
                0x0000652c                sysStartUpdatingRandSeed
 .text.sysStopUpdatingRandSeed
                0x00006550        0xa All_MegaRf_Atmega256rfr2_8Mhz_Gcc/Obj/sysUtils.o
                0x00006550                sysStopUpdatingRandSeed
 .text.SYS_DefAssertCallbackError
                0x0000655a       0x30 All_MegaRf_Atmega256rfr2_8Mhz_Gcc/Obj/sysAssert.o
                0x0000655a                SYS_DefAssertCallbackError
 .text.SYS_DefAssertCallbackFatal
                0x0000658a       0x30 All_MegaRf_Atmega256rfr2_8Mhz_Gcc/Obj/sysAssert.o
                0x0000658a                SYS_DefAssertCallbackFatal
 .text.SYS_DuplicateTableReset
                0x000065ba       0x64 All_MegaRf_Atmega256rfr2_8Mhz_Gcc/Obj/sysDuplicateTable.o
                0x000065ba                SYS_DuplicateTableReset
 .text.SYS_DuplicateTableCheck
                0x0000661e      0x110 All_MegaRf_Atmega256rfr2_8Mhz_Gcc/Obj/sysDuplicateTable.o
                0x0000661e                SYS_DuplicateTableCheck
 .text.SYS_InitZsiLayer
                0x0000672e        0x4 All_MegaRf_Atmega256rfr2_8Mhz_Gcc/Obj/sysInit.o
                0x0000672e                SYS_InitZsiLayer
 .text.SYS_InitZclLayer
                0x00006732        0x2 All_MegaRf_Atmega256rfr2_8Mhz_Gcc/Obj/sysInit.o
                0x00006732                SYS_InitZclLayer
 .text.processManagerTask
                0x00006734       0x88 All_MegaRf_Atmega256rfr2_8Mhz_Gcc/Obj/sysTaskManager.o
 .text.SYS_SysInit
                0x000067bc       0x2c All_MegaRf_Atmega256rfr2_8Mhz_Gcc/Obj/sysTaskManager.o
                0x000067bc                SYS_SysInit
 .text.SYS_RunTask
                0x000067e8       0x2a All_MegaRf_Atmega256rfr2_8Mhz_Gcc/Obj/sysTaskManager.o
                0x000067e8                SYS_RunTask
 .text.SYS_ForceRunTask
                0x00006812        0x4 All_MegaRf_Atmega256rfr2_8Mhz_Gcc/Obj/sysTaskManager.o
                0x00006812                SYS_ForceRunTask
 .text.SYS_StartTimer
                0x00006816       0x14 All_MegaRf_Atmega256rfr2_8Mhz_Gcc/Obj/sysTimer.o
                0x00006816                SYS_StartTimer
 .text.SYS_StopTimer
                0x0000682a       0x12 All_MegaRf_Atmega256rfr2_8Mhz_Gcc/Obj/sysTimer.o
                0x0000682a                SYS_StopTimer
 .text.SYS_InitTimer
                0x0000683c       0x3e All_MegaRf_Atmega256rfr2_8Mhz_Gcc/Obj/sysTimer.o
                0x0000683c                SYS_InitTimer
 .text.BSP_TaskHandler
                0x0000687a        0x2 All_MegaRf_Atmega256rfr2_8Mhz_Gcc/Obj/bspTaskManager.o
                0x0000687a                BSP_TaskHandler
 .text.BSP_OnLed
                0x0000687c       0x18 All_MegaRf_Atmega256rfr2_8Mhz_Gcc/Obj/leds.o
                0x0000687c                BSP_OnLed
 .text.BSP_OffLed
                0x00006894       0x18 All_MegaRf_Atmega256rfr2_8Mhz_Gcc/Obj/leds.o
                0x00006894                BSP_OffLed
 .text.BSP_OpenLeds
                0x000068ac       0x14 All_MegaRf_Atmega256rfr2_8Mhz_Gcc/Obj/leds.o
                0x000068ac                BSP_OpenLeds
 .text.csSetToDefault
                0x000068c0       0x8e All_MegaRf_Atmega256rfr2_8Mhz_Gcc/Obj/csMem.o
                0x000068c0                csSetToDefault
 .text.csGetItem
                0x0000694e       0x84 All_MegaRf_Atmega256rfr2_8Mhz_Gcc/Obj/configServer.o
 .text.CS_Init  0x000069d2        0x6 All_MegaRf_Atmega256rfr2_8Mhz_Gcc/Obj/configServer.o
                0x000069d2                CS_Init
 .text.CS_GetMemory
                0x000069d8       0x44 All_MegaRf_Atmega256rfr2_8Mhz_Gcc/Obj/configServer.o
                0x000069d8                CS_GetMemory
 .text.CS_ReadParameter
                0x00006a1c       0x70 All_MegaRf_Atmega256rfr2_8Mhz_Gcc/Obj/configServer.o
                0x00006a1c                CS_ReadParameter
 .text.CS_WriteParameter
                0x00006a8c       0x52 All_MegaRf_Atmega256rfr2_8Mhz_Gcc/Obj/configServer.o
                0x00006a8c                CS_WriteParameter
 .text.apsIsFragmentationDataReq
                0x00006ade       0x34 ../../../../BitCloud/lib/libBc_All_Atmega256rfr2_Atmega256rfr2_Gcc.a(aps.o)
 .text.apsPostTask
                0x00006b12       0x30 ../../../../BitCloud/lib/libBc_All_Atmega256rfr2_Atmega256rfr2_Gcc.a(aps.o)
 .text.apsFreeBuffer
                0x00006b42       0xce ../../../../BitCloud/lib/libBc_All_Atmega256rfr2_Atmega256rfr2_Gcc.a(aps.o)
 .text.apsMakeNwkDataResp
                0x00006c10       0x2e ../../../../BitCloud/lib/libBc_All_Atmega256rfr2_Atmega256rfr2_Gcc.a(aps.o)
 .text.apsGetBuffer
                0x00006c3e      0x10c ../../../../BitCloud/lib/libBc_All_Atmega256rfr2_Atmega256rfr2_Gcc.a(aps.o)
 .text.apsDataManagerNwkDataConf
                0x00006d4a       0x16 ../../../../BitCloud/lib/libBc_All_Atmega256rfr2_Atmega256rfr2_Gcc.a(aps.o)
 .text.apsProcessEvent
                0x00006d60       0x50 ../../../../BitCloud/lib/libBc_All_Atmega256rfr2_Atmega256rfr2_Gcc.a(aps.o)
 .text.dataIndAddrResolvingConf
                0x00006db0       0x10 ../../../../BitCloud/lib/libBc_All_Atmega256rfr2_Atmega256rfr2_Gcc.a(aps.o)
 .text.apsSendNwkDataReq
                0x00006dc0        0xe ../../../../BitCloud/lib/libBc_All_Atmega256rfr2_Atmega256rfr2_Gcc.a(aps.o)
 .text.apsProcessShortAddrModeDataReq
                0x00006dce      0x286 ../../../../BitCloud/lib/libBc_All_Atmega256rfr2_Atmega256rfr2_Gcc.a(aps.o)
 .text.apsSendNextBlock
                0x00007054       0x10 ../../../../BitCloud/lib/libBc_All_Atmega256rfr2_Atmega256rfr2_Gcc.a(aps.o)
 .text.apsSendAckForFragmentedReceive
                0x00007064       0xc8 ../../../../BitCloud/lib/libBc_All_Atmega256rfr2_Atmega256rfr2_Gcc.a(aps.o)
 .text.apsCalculateApsAckTimeout
                0x0000712c       0x4a ../../../../BitCloud/lib/libBc_All_Atmega256rfr2_Atmega256rfr2_Gcc.a(aps.o)
 .text.apsGroupNwkDataConf
                0x00007176       0x4e ../../../../BitCloud/lib/libBc_All_Atmega256rfr2_Atmega256rfr2_Gcc.a(aps.o)
 .text.apsResetMemoryManager
                0x000071c4       0xe0 ../../../../BitCloud/lib/libBc_All_Atmega256rfr2_Atmega256rfr2_Gcc.a(aps.o)
 .text.apsResetBindingTable
                0x000072a4       0x54 ../../../../BitCloud/lib/libBc_All_Atmega256rfr2_Atmega256rfr2_Gcc.a(aps.o)
 .text.apsStopConf
                0x000072f8       0x52 ../../../../BitCloud/lib/libBc_All_Atmega256rfr2_Atmega256rfr2_Gcc.a(aps.o)
 .text.apsStartAckTimer
                0x0000734a      0x1e6 ../../../../BitCloud/lib/libBc_All_Atmega256rfr2_Atmega256rfr2_Gcc.a(aps.o)
 .text.apsAckForFragmentedReceiveConfirmHandler
                0x00007530       0xa2 ../../../../BitCloud/lib/libBc_All_Atmega256rfr2_Atmega256rfr2_Gcc.a(aps.o)
 .text.apsAckOnTimerFired
                0x000075d2      0x166 ../../../../BitCloud/lib/libBc_All_Atmega256rfr2_Atmega256rfr2_Gcc.a(aps.o)
 .text.apsFindBindingEntry
                0x00007738      0x106 ../../../../BitCloud/lib/libBc_All_Atmega256rfr2_Atmega256rfr2_Gcc.a(aps.o)
 .text.apsIsValidBindingParameters
                0x0000783e       0x7e ../../../../BitCloud/lib/libBc_All_Atmega256rfr2_Atmega256rfr2_Gcc.a(aps.o)
 .text.apsMakeApsDataConf
                0x000078bc       0x68 ../../../../BitCloud/lib/libBc_All_Atmega256rfr2_Atmega256rfr2_Gcc.a(aps.o)
 .text.apsGetAckByDataBuffer.isra.5
                0x00007924       0x82 ../../../../BitCloud/lib/libBc_All_Atmega256rfr2_Atmega256rfr2_Gcc.a(aps.o)
 .text.dataReqAddrResolvingConf
                0x000079a6       0x20 ../../../../BitCloud/lib/libBc_All_Atmega256rfr2_Atmega256rfr2_Gcc.a(aps.o)
 .text.apsProcessGroupAddrModeDataReq
                0x000079c6      0x1ac ../../../../BitCloud/lib/libBc_All_Atmega256rfr2_Atmega256rfr2_Gcc.a(aps.o)
 .text.apsPrepareFragmentedTransmission
                0x00007b72       0x74 ../../../../BitCloud/lib/libBc_All_Atmega256rfr2_Atmega256rfr2_Gcc.a(aps.o)
 .text.apsNextBind
                0x00007be6       0xc0 ../../../../BitCloud/lib/libBc_All_Atmega256rfr2_Atmega256rfr2_Gcc.a(aps.o)
 .text.apsSendToNextBoundDevice
                0x00007ca6      0x140 ../../../../BitCloud/lib/libBc_All_Atmega256rfr2_Atmega256rfr2_Gcc.a(aps.o)
 .text.bindDataReqAddrResolvingConf
                0x00007de6       0x7e ../../../../BitCloud/lib/libBc_All_Atmega256rfr2_Atmega256rfr2_Gcc.a(aps.o)
                0x00007de6                bindDataReqAddrResolvingConf
 .text.apsProcessIndirectDataReq
                0x00007e64       0x6c ../../../../BitCloud/lib/libBc_All_Atmega256rfr2_Atmega256rfr2_Gcc.a(aps.o)
 .text.apsHandleTransmittedData.constprop.14
                0x00007ed0       0xc2 ../../../../BitCloud/lib/libBc_All_Atmega256rfr2_Atmega256rfr2_Gcc.a(aps.o)
 .text.APS_BindReq
                0x00007f92       0xbc ../../../../BitCloud/lib/libBc_All_Atmega256rfr2_Atmega256rfr2_Gcc.a(aps.o)
                0x00007f92                APS_BindReq
 .text.APS_FreeBindingEntry
                0x0000804e       0x64 ../../../../BitCloud/lib/libBc_All_Atmega256rfr2_Atmega256rfr2_Gcc.a(aps.o)
                0x0000804e                APS_FreeBindingEntry
 .text.APS_UnbindReq
                0x000080b2       0x28 ../../../../BitCloud/lib/libBc_All_Atmega256rfr2_Atmega256rfr2_Gcc.a(aps.o)
                0x000080b2                APS_UnbindReq
 .text.APS_NextBindingEntry
                0x000080da       0x40 ../../../../BitCloud/lib/libBc_All_Atmega256rfr2_Atmega256rfr2_Gcc.a(aps.o)
                0x000080da                APS_NextBindingEntry
 .text.APS_DataReq
                0x0000811a       0x20 ../../../../BitCloud/lib/libBc_All_Atmega256rfr2_Atmega256rfr2_Gcc.a(aps.o)
                0x0000811a                APS_DataReq
 .text.NWK_DataInd
                0x0000813a       0x20 ../../../../BitCloud/lib/libBc_All_Atmega256rfr2_Atmega256rfr2_Gcc.a(aps.o)
                0x0000813a                NWK_DataInd
 .text.APS_CalculateTimes
                0x0000815a      0x1ca ../../../../BitCloud/lib/libBc_All_Atmega256rfr2_Atmega256rfr2_Gcc.a(aps.o)
                0x0000815a                APS_CalculateTimes
 .text.apsResetDataManager
                0x00008324       0xee ../../../../BitCloud/lib/libBc_All_Atmega256rfr2_Atmega256rfr2_Gcc.a(aps.o)
 .text.apsNwkResetConf
                0x00008412      0x214 ../../../../BitCloud/lib/libBc_All_Atmega256rfr2_Atmega256rfr2_Gcc.a(aps.o)
 .text.apsStateMachineTaskHandler
                0x00008626      0x120 ../../../../BitCloud/lib/libBc_All_Atmega256rfr2_Atmega256rfr2_Gcc.a(aps.o)
 .text.APS_IsProfileIdMatched
                0x00008746       0x74 ../../../../BitCloud/lib/libBc_All_Atmega256rfr2_Atmega256rfr2_Gcc.a(aps.o)
                0x00008746                APS_IsProfileIdMatched
 .text.APS_NextEndpoint
                0x000087ba       0x16 ../../../../BitCloud/lib/libBc_All_Atmega256rfr2_Atmega256rfr2_Gcc.a(aps.o)
                0x000087ba                APS_NextEndpoint
 .text.apsFindEndpoint
                0x000087d0       0x28 ../../../../BitCloud/lib/libBc_All_Atmega256rfr2_Atmega256rfr2_Gcc.a(aps.o)
 .text.APS_RegisterEndpointReq
                0x000087f8       0x46 ../../../../BitCloud/lib/libBc_All_Atmega256rfr2_Atmega256rfr2_Gcc.a(aps.o)
                0x000087f8                APS_RegisterEndpointReq
 .text.apsGroupIndication
                0x0000883e       0xa6 ../../../../BitCloud/lib/libBc_All_Atmega256rfr2_Atmega256rfr2_Gcc.a(aps.o)
 .text.apsUnicastDataInd
                0x000088e4      0x26a ../../../../BitCloud/lib/libBc_All_Atmega256rfr2_Atmega256rfr2_Gcc.a(aps.o)
 .text.apsApduUnicastHandler.constprop.12
                0x00008b4e      0x596 ../../../../BitCloud/lib/libBc_All_Atmega256rfr2_Atmega256rfr2_Gcc.a(aps.o)
 .text.apsDataTaskHandler
                0x000090e4      0xc0a ../../../../BitCloud/lib/libBc_All_Atmega256rfr2_Atmega256rfr2_Gcc.a(aps.o)
 .text.NWK_IntrpDataInd
                0x00009cee      0x12e ../../../../BitCloud/lib/libBc_All_Atmega256rfr2_Atmega256rfr2_Gcc.a(aps.o)
                0x00009cee                NWK_IntrpDataInd
 .text.APS_Init
                0x00009e1c       0x2c ../../../../BitCloud/lib/libBc_All_Atmega256rfr2_Atmega256rfr2_Gcc.a(aps.o)
                0x00009e1c                APS_Init
 .text.APS_ResetReq
                0x00009e48       0x40 ../../../../BitCloud/lib/libBc_All_Atmega256rfr2_Atmega256rfr2_Gcc.a(aps.o)
                0x00009e48                APS_ResetReq
 .text.APS_StartReq
                0x00009e88       0x1e ../../../../BitCloud/lib/libBc_All_Atmega256rfr2_Atmega256rfr2_Gcc.a(aps.o)
                0x00009e88                APS_StartReq
 .text.APS_StopReq
                0x00009ea6       0x1e ../../../../BitCloud/lib/libBc_All_Atmega256rfr2_Atmega256rfr2_Gcc.a(aps.o)
                0x00009ea6                APS_StopReq
 .text.APS_IsActiveTransaction
                0x00009ec4       0x7a ../../../../BitCloud/lib/libBc_All_Atmega256rfr2_Atmega256rfr2_Gcc.a(aps.o)
                0x00009ec4                APS_IsActiveTransaction
 .text.isApsBusyOrPollCheck
                0x00009f3e       0x60 ../../../../BitCloud/lib/libBc_All_Atmega256rfr2_Atmega256rfr2_Gcc.a(aps.o)
 .text.APS_HandleLeave
                0x00009f9e        0xc ../../../../BitCloud/lib/libBc_All_Atmega256rfr2_Atmega256rfr2_Gcc.a(aps.o)
                0x00009f9e                APS_HandleLeave
 .text.APS_TaskHandler
                0x00009faa       0xb4 ../../../../BitCloud/lib/libBc_All_Atmega256rfr2_Atmega256rfr2_Gcc.a(aps.o)
                0x00009faa                APS_TaskHandler
 .text.getSymbolsPerOctet
                0x0000a05e       0x30 ../../../../BitCloud/lib/libBc_All_Atmega256rfr2_Atmega256rfr2_Gcc.a(macenvPib.o)
 .text.storeTransmitPower
                0x0000a08e       0x44 ../../../../BitCloud/lib/libBc_All_Atmega256rfr2_Atmega256rfr2_Gcc.a(macenvPib.o)
 .text.calculateMaxFrameDuration
                0x0000a0d2       0x1c ../../../../BitCloud/lib/libBc_All_Atmega256rfr2_Atmega256rfr2_Gcc.a(macenvPib.o)
 .text.macenvGetPhySymbolDuration
                0x0000a0ee       0x46 ../../../../BitCloud/lib/libBc_All_Atmega256rfr2_Atmega256rfr2_Gcc.a(macenvPib.o)
                0x0000a0ee                macenvGetPhySymbolDuration
 .text.macenvConvertTransPersistTimeFromUnitsToMs
                0x0000a134       0x36 ../../../../BitCloud/lib/libBc_All_Atmega256rfr2_Atmega256rfr2_Gcc.a(macenvPib.o)
                0x0000a134                macenvConvertTransPersistTimeFromUnitsToMs
 .text.updateMaxFrameTxTime
                0x0000a16a       0x34 ../../../../BitCloud/lib/libBc_All_Atmega256rfr2_Atmega256rfr2_Gcc.a(macenvPib.o)
 .text.macenvResetPib
                0x0000a19e      0x10a ../../../../BitCloud/lib/libBc_All_Atmega256rfr2_Atmega256rfr2_Gcc.a(macenvPib.o)
                0x0000a19e                macenvResetPib
 .text.macenvSetPibAttr
                0x0000a2a8      0x27a ../../../../BitCloud/lib/libBc_All_Atmega256rfr2_Atmega256rfr2_Gcc.a(macenvPib.o)
                0x0000a2a8                macenvSetPibAttr
 .text.macenvCalculateMaxFrameTotalWaitTimeInMs
                0x0000a522      0x12a ../../../../BitCloud/lib/libBc_All_Atmega256rfr2_Atmega256rfr2_Gcc.a(macenvPib.o)
                0x0000a522                macenvCalculateMaxFrameTotalWaitTimeInMs
 .text.macenvCalculateResponceWaitTimeInMs
                0x0000a64c       0x30 ../../../../BitCloud/lib/libBc_All_Atmega256rfr2_Atmega256rfr2_Gcc.a(macenvPib.o)
                0x0000a64c                macenvCalculateResponceWaitTimeInMs
 .text.macenvGetPibAttr
                0x0000a67c      0x1e8 ../../../../BitCloud/lib/libBc_All_Atmega256rfr2_Atmega256rfr2_Gcc.a(macenvPib.o)
                0x0000a67c                macenvGetPibAttr
 .text.MAC_GetExtAddr
                0x0000a864        0x6 ../../../../BitCloud/lib/libBc_All_Atmega256rfr2_Atmega256rfr2_Gcc.a(macenvPib.o)
                0x0000a864                MAC_GetExtAddr
 .text.MAC_IsOwnExtAddr
                0x0000a86a       0x1a ../../../../BitCloud/lib/libBc_All_Atmega256rfr2_Atmega256rfr2_Gcc.a(macenvPib.o)
                0x0000a86a                MAC_IsOwnExtAddr
 .text.MAC_GetOctetsTransmissionTimeInMs
                0x0000a884       0x48 ../../../../BitCloud/lib/libBc_All_Atmega256rfr2_Atmega256rfr2_Gcc.a(macenvPib.o)
                0x0000a884                MAC_GetOctetsTransmissionTimeInMs
 .text.postNewMacRequest
                0x0000a8cc       0x46 ../../../../BitCloud/lib/libBc_All_Atmega256rfr2_Atmega256rfr2_Gcc.a(machwdManager.o)
 .text.putReqInQueue
                0x0000a912       0x16 ../../../../BitCloud/lib/libBc_All_Atmega256rfr2_Atmega256rfr2_Gcc.a(machwdManager.o)
 .text.MACHWD_DataReq
                0x0000a928        0x6 ../../../../BitCloud/lib/libBc_All_Atmega256rfr2_Atmega256rfr2_Gcc.a(machwdManager.o)
                0x0000a928                MACHWD_DataReq
 .text.MACHWD_SetTrxStateReq
                0x0000a92e        0x8 ../../../../BitCloud/lib/libBc_All_Atmega256rfr2_Atmega256rfr2_Gcc.a(machwdManager.o)
                0x0000a92e                MACHWD_SetTrxStateReq
 .text.MACHWD_SetReq
                0x0000a936        0x8 ../../../../BitCloud/lib/libBc_All_Atmega256rfr2_Atmega256rfr2_Gcc.a(machwdManager.o)
                0x0000a936                MACHWD_SetReq
 .text.MACHWD_EdReq
                0x0000a93e        0x8 ../../../../BitCloud/lib/libBc_All_Atmega256rfr2_Atmega256rfr2_Gcc.a(machwdManager.o)
                0x0000a93e                MACHWD_EdReq
 .text.RF_RandomReq
                0x0000a946       0x10 ../../../../BitCloud/lib/libBc_All_Atmega256rfr2_Atmega256rfr2_Gcc.a(machwdManager.o)
                0x0000a946                RF_RandomReq
 .text.MACHWD_Reset
                0x0000a956       0x44 ../../../../BitCloud/lib/libBc_All_Atmega256rfr2_Atmega256rfr2_Gcc.a(machwdManager.o)
                0x0000a956                MACHWD_Reset
 .text.MAC_PHY_HWD_TaskHandler
                0x0000a99a      0x1de ../../../../BitCloud/lib/libBc_All_Atmega256rfr2_Atmega256rfr2_Gcc.a(machwdManager.o)
                0x0000a99a                MAC_PHY_HWD_TaskHandler
 .text.machwdRegAccessReqHandler
                0x0000ab78       0x62 ../../../../BitCloud/lib/libBc_All_Atmega256rfr2_Atmega256rfr2_Gcc.a(machwdRegAccessHandler.o)
                0x0000ab78                machwdRegAccessReqHandler
 .text.machwdRegAccessTaskHandler
                0x0000abda       0x46 ../../../../BitCloud/lib/libBc_All_Atmega256rfr2_Atmega256rfr2_Gcc.a(machwdRegAccessHandler.o)
                0x0000abda                machwdRegAccessTaskHandler
 .text.machwdReset
                0x0000ac20       0xa8 ../../../../BitCloud/lib/libBc_All_Atmega256rfr2_Atmega256rfr2_Gcc.a(machwdResetHandler.o)
                0x0000ac20                machwdReset
 .text.machwdRndReqHandler
                0x0000acc8       0x38 ../../../../BitCloud/lib/libBc_All_Atmega256rfr2_Atmega256rfr2_Gcc.a(machwdRndHandler.o)
                0x0000acc8                machwdRndReqHandler
 .text.machwdRndTaskHandler
                0x0000ad00       0x32 ../../../../BitCloud/lib/libBc_All_Atmega256rfr2_Atmega256rfr2_Gcc.a(machwdRndHandler.o)
                0x0000ad00                machwdRndTaskHandler
 .text.machwdResetRndHandler
                0x0000ad32        0x6 ../../../../BitCloud/lib/libBc_All_Atmega256rfr2_Atmega256rfr2_Gcc.a(machwdRndHandler.o)
                0x0000ad32                machwdResetRndHandler
 .text.machwdResetRxBuffers
                0x0000ad38       0xb8 ../../../../BitCloud/lib/libBc_All_Atmega256rfr2_Atmega256rfr2_Gcc.a(machwdRxBuffer.o)
                0x0000ad38                machwdResetRxBuffers
 .text.machwdNextBuffer
                0x0000adf0       0x14 ../../../../BitCloud/lib/libBc_All_Atmega256rfr2_Atmega256rfr2_Gcc.a(machwdRxBuffer.o)
                0x0000adf0                machwdNextBuffer
 .text.machwdReleaseBuffer
                0x0000ae04       0x4a ../../../../BitCloud/lib/libBc_All_Atmega256rfr2_Atmega256rfr2_Gcc.a(machwdRxBuffer.o)
                0x0000ae04                machwdReleaseBuffer
 .text.machwdNextBufferPresent
                0x0000ae4e       0x26 ../../../../BitCloud/lib/libBc_All_Atmega256rfr2_Atmega256rfr2_Gcc.a(machwdRxBuffer.o)
                0x0000ae4e                machwdNextBufferPresent
 .text.checkRxBuffer
                0x0000ae74       0x8e ../../../../BitCloud/lib/libBc_All_Atmega256rfr2_Atmega256rfr2_Gcc.a(machwdRxFrameHandler.o)
 .text.machwdPerformIndicationFromBuffer.part.1
                0x0000af02       0xc4 ../../../../BitCloud/lib/libBc_All_Atmega256rfr2_Atmega256rfr2_Gcc.a(machwdRxFrameHandler.o)
 .text.machwdDataReqIndTaskHandler
                0x0000afc6       0x12 ../../../../BitCloud/lib/libBc_All_Atmega256rfr2_Atmega256rfr2_Gcc.a(machwdRxFrameHandler.o)
                0x0000afc6                machwdDataReqIndTaskHandler
 .text.machwdRxFrameIndTaskHandler
                0x0000afd8       0x12 ../../../../BitCloud/lib/libBc_All_Atmega256rfr2_Atmega256rfr2_Gcc.a(machwdRxFrameHandler.o)
                0x0000afd8                machwdRxFrameIndTaskHandler
 .text.executeSetReq
                0x0000afea       0x6c ../../../../BitCloud/lib/libBc_All_Atmega256rfr2_Atmega256rfr2_Gcc.a(machwdSetHandler.o)
 .text.machwdSetReqHandler
                0x0000b056       0xdc ../../../../BitCloud/lib/libBc_All_Atmega256rfr2_Atmega256rfr2_Gcc.a(machwdSetHandler.o)
                0x0000b056                machwdSetReqHandler
 .text.machwdSetTaskHandler
                0x0000b132       0x38 ../../../../BitCloud/lib/libBc_All_Atmega256rfr2_Atmega256rfr2_Gcc.a(machwdSetHandler.o)
                0x0000b132                machwdSetTaskHandler
 .text.machwdResetSetHandler
                0x0000b16a        0xe ../../../../BitCloud/lib/libBc_All_Atmega256rfr2_Atmega256rfr2_Gcc.a(machwdSetHandler.o)
                0x0000b16a                machwdResetSetHandler
 .text.machwdGetPhyTrxCmd
                0x0000b178       0x14 ../../../../BitCloud/lib/libBc_All_Atmega256rfr2_Atmega256rfr2_Gcc.a(machwdTrxCtrl.o)
                0x0000b178                machwdGetPhyTrxCmd
 .text.machwdSendTrxCmd
                0x0000b18c        0xa ../../../../BitCloud/lib/libBc_All_Atmega256rfr2_Atmega256rfr2_Gcc.a(machwdTrxCtrl.o)
                0x0000b18c                machwdSendTrxCmd
 .text.machwdConvertTrxCmdToTrxState
                0x0000b196       0x14 ../../../../BitCloud/lib/libBc_All_Atmega256rfr2_Atmega256rfr2_Gcc.a(machwdTrxCtrl.o)
                0x0000b196                machwdConvertTrxCmdToTrxState
 .text.machwdConvertTrxStateToTrxCmd
                0x0000b1aa       0x16 ../../../../BitCloud/lib/libBc_All_Atmega256rfr2_Atmega256rfr2_Gcc.a(machwdTrxCtrl.o)
                0x0000b1aa                machwdConvertTrxStateToTrxCmd
 .text.machwdTrxReqHandler
                0x0000b1c0       0x3c ../../../../BitCloud/lib/libBc_All_Atmega256rfr2_Atmega256rfr2_Gcc.a(machwdTrxHandler.o)
                0x0000b1c0                machwdTrxReqHandler
 .text.machwdTrxTaskHandler
                0x0000b1fc       0x3e ../../../../BitCloud/lib/libBc_All_Atmega256rfr2_Atmega256rfr2_Gcc.a(machwdTrxHandler.o)
                0x0000b1fc                machwdTrxTaskHandler
 .text.machwdResetTrxHandler
                0x0000b23a        0x6 ../../../../BitCloud/lib/libBc_All_Atmega256rfr2_Atmega256rfr2_Gcc.a(machwdTrxHandler.o)
                0x0000b23a                machwdResetTrxHandler
 .text.executeDataReq
                0x0000b240       0x28 ../../../../BitCloud/lib/libBc_All_Atmega256rfr2_Atmega256rfr2_Gcc.a(machwdTxFrameHandler.o)
 .text.machwdTxFrameReqHandler
                0x0000b268       0x5a ../../../../BitCloud/lib/libBc_All_Atmega256rfr2_Atmega256rfr2_Gcc.a(machwdTxFrameHandler.o)
                0x0000b268                machwdTxFrameReqHandler
 .text.machwdTxFrameTaskHandler
                0x0000b2c2       0x76 ../../../../BitCloud/lib/libBc_All_Atmega256rfr2_Atmega256rfr2_Gcc.a(machwdTxFrameHandler.o)
                0x0000b2c2                machwdTxFrameTaskHandler
 .text.machwdResetTxFrameHandler
                0x0000b338        0xa ../../../../BitCloud/lib/libBc_All_Atmega256rfr2_Atmega256rfr2_Gcc.a(machwdTxFrameHandler.o)
                0x0000b338                machwdResetTxFrameHandler
 .text.machwdTxRetryHandler
                0x0000b342       0x7a ../../../../BitCloud/lib/libBc_All_Atmega256rfr2_Atmega256rfr2_Gcc.a(machwdTxFrameHandler.o)
                0x0000b342                machwdTxRetryHandler
 .text.postponeAction.part.0
                0x0000b3bc       0x1a ../../../../BitCloud/lib/libBc_All_Atmega256rfr2_Atmega256rfr2_Gcc.a(machwiManager.o)
 .text.putReqInQueue
                0x0000b3d6       0x2c ../../../../BitCloud/lib/libBc_All_Atmega256rfr2_Atmega256rfr2_Gcc.a(machwiManager.o)
 .text.machwiSendConfToUpperLayer
                0x0000b402       0xf4 ../../../../BitCloud/lib/libBc_All_Atmega256rfr2_Atmega256rfr2_Gcc.a(machwiManager.o)
                0x0000b402                machwiSendConfToUpperLayer
 .text.MAC_HWI_TaskHandler
                0x0000b4f6       0xec ../../../../BitCloud/lib/libBc_All_Atmega256rfr2_Atmega256rfr2_Gcc.a(machwiManager.o)
                0x0000b4f6                MAC_HWI_TaskHandler
 .text.MAC_AssociateReq
                0x0000b5e2        0x8 ../../../../BitCloud/lib/libBc_All_Atmega256rfr2_Atmega256rfr2_Gcc.a(machwiManager.o)
                0x0000b5e2                MAC_AssociateReq
 .text.MAC_AssociateResp
                0x0000b5ea        0x8 ../../../../BitCloud/lib/libBc_All_Atmega256rfr2_Atmega256rfr2_Gcc.a(machwiManager.o)
                0x0000b5ea                MAC_AssociateResp
 .text.MAC_OrphanResp
                0x0000b5f2        0x8 ../../../../BitCloud/lib/libBc_All_Atmega256rfr2_Atmega256rfr2_Gcc.a(machwiManager.o)
                0x0000b5f2                MAC_OrphanResp
 .text.MAC_GetReq
                0x0000b5fa        0x8 ../../../../BitCloud/lib/libBc_All_Atmega256rfr2_Atmega256rfr2_Gcc.a(machwiManager.o)
                0x0000b5fa                MAC_GetReq
 .text.MAC_ResetReq
                0x0000b602       0x66 ../../../../BitCloud/lib/libBc_All_Atmega256rfr2_Atmega256rfr2_Gcc.a(machwiManager.o)
                0x0000b602                MAC_ResetReq
 .text.MAC_RxEnableReq
                0x0000b668        0x8 ../../../../BitCloud/lib/libBc_All_Atmega256rfr2_Atmega256rfr2_Gcc.a(machwiManager.o)
                0x0000b668                MAC_RxEnableReq
 .text.MAC_ScanReq
                0x0000b670        0x8 ../../../../BitCloud/lib/libBc_All_Atmega256rfr2_Atmega256rfr2_Gcc.a(machwiManager.o)
                0x0000b670                MAC_ScanReq
 .text.MAC_SetReq
                0x0000b678        0x8 ../../../../BitCloud/lib/libBc_All_Atmega256rfr2_Atmega256rfr2_Gcc.a(machwiManager.o)
                0x0000b678                MAC_SetReq
 .text.MAC_StartReq
                0x0000b680        0x8 ../../../../BitCloud/lib/libBc_All_Atmega256rfr2_Atmega256rfr2_Gcc.a(machwiManager.o)
                0x0000b680                MAC_StartReq
 .text.MAC_PollReq
                0x0000b688        0x8 ../../../../BitCloud/lib/libBc_All_Atmega256rfr2_Atmega256rfr2_Gcc.a(machwiManager.o)
                0x0000b688                MAC_PollReq
 .text.MAC_DataReq
                0x0000b690        0x8 ../../../../BitCloud/lib/libBc_All_Atmega256rfr2_Atmega256rfr2_Gcc.a(machwiManager.o)
                0x0000b690                MAC_DataReq
 .text.machwiSendAssociateInd
                0x0000b698        0xe ../../../../BitCloud/lib/libBc_All_Atmega256rfr2_Atmega256rfr2_Gcc.a(machwiManager.o)
                0x0000b698                machwiSendAssociateInd
 .text.machwiSendDataInd
                0x0000b6a6        0xe ../../../../BitCloud/lib/libBc_All_Atmega256rfr2_Atmega256rfr2_Gcc.a(machwiManager.o)
                0x0000b6a6                machwiSendDataInd
 .text.machwiSendBeaconNotifyInd
                0x0000b6b4        0xe ../../../../BitCloud/lib/libBc_All_Atmega256rfr2_Atmega256rfr2_Gcc.a(machwiManager.o)
                0x0000b6b4                machwiSendBeaconNotifyInd
 .text.machwiSendSyncLossNotifyInd
                0x0000b6c2        0xe ../../../../BitCloud/lib/libBc_All_Atmega256rfr2_Atmega256rfr2_Gcc.a(machwiManager.o)
                0x0000b6c2                machwiSendSyncLossNotifyInd
 .text.machwiSendOrphanInd
                0x0000b6d0        0xe ../../../../BitCloud/lib/libBc_All_Atmega256rfr2_Atmega256rfr2_Gcc.a(machwiManager.o)
                0x0000b6d0                machwiSendOrphanInd
 .text.machwiSendPollInd
                0x0000b6de        0xe ../../../../BitCloud/lib/libBc_All_Atmega256rfr2_Atmega256rfr2_Gcc.a(machwiManager.o)
                0x0000b6de                machwiSendPollInd
 .text.machwiTxTransactionReq
                0x0000b6ec       0x16 ../../../../BitCloud/lib/libBc_All_Atmega256rfr2_Atmega256rfr2_Gcc.a(machwiManager.o)
                0x0000b6ec                machwiTxTransactionReq
 .text.machwiTxBeaconReq
                0x0000b702       0x16 ../../../../BitCloud/lib/libBc_All_Atmega256rfr2_Atmega256rfr2_Gcc.a(machwiManager.o)
                0x0000b702                machwiTxBeaconReq
 .text.machwiTxEmptyDataFrameReq
                0x0000b718       0x12 ../../../../BitCloud/lib/libBc_All_Atmega256rfr2_Atmega256rfr2_Gcc.a(machwiManager.o)
                0x0000b718                machwiTxEmptyDataFrameReq
 .text.MAC_IsActiveTransaction
                0x0000b72a       0x18 ../../../../BitCloud/lib/libBc_All_Atmega256rfr2_Atmega256rfr2_Gcc.a(machwiManager.o)
                0x0000b72a                MAC_IsActiveTransaction
 .text.isMacBusyRequest
                0x0000b742       0x1c ../../../../BitCloud/lib/libBc_All_Atmega256rfr2_Atmega256rfr2_Gcc.a(machwiManager.o)
 .text.machwdDataConfirm
                0x0000b75e       0x20 ../../../../BitCloud/lib/libBc_All_Atmega256rfr2_Atmega256rfr2_Gcc.a(machwiOrphanHandler.o)
 .text.machwiOrphanRespHandler
                0x0000b77e      0x158 ../../../../BitCloud/lib/libBc_All_Atmega256rfr2_Atmega256rfr2_Gcc.a(machwiOrphanHandler.o)
                0x0000b77e                machwiOrphanRespHandler
 .text.machwiOrphanNotificationInd
                0x0000b8d6       0x42 ../../../../BitCloud/lib/libBc_All_Atmega256rfr2_Atmega256rfr2_Gcc.a(machwiOrphanHandler.o)
                0x0000b8d6                machwiOrphanNotificationInd
 .text.MACHWD_DataInd
                0x0000b918       0xc0 ../../../../BitCloud/lib/libBc_All_Atmega256rfr2_Atmega256rfr2_Gcc.a(machwiPanServer.o)
                0x0000b918                MACHWD_DataInd
 .text.machwiEnableBeaconTransmission
                0x0000b9d8        0x8 ../../../../BitCloud/lib/libBc_All_Atmega256rfr2_Atmega256rfr2_Gcc.a(machwiPanServer.o)
                0x0000b9d8                machwiEnableBeaconTransmission
 .text.machwiResetPanServer
                0x0000b9e0        0x6 ../../../../BitCloud/lib/libBc_All_Atmega256rfr2_Atmega256rfr2_Gcc.a(machwiPanServer.o)
                0x0000b9e0                machwiResetPanServer
 .text.completeHandling
                0x0000b9e6       0x16 ../../../../BitCloud/lib/libBc_All_Atmega256rfr2_Atmega256rfr2_Gcc.a(machwiPollHandler.o)
 .text.halPollTimerFired
                0x0000b9fc        0x4 ../../../../BitCloud/lib/libBc_All_Atmega256rfr2_Atmega256rfr2_Gcc.a(machwiPollHandler.o)
 .text.switchingCompleted
                0x0000ba00       0x10 ../../../../BitCloud/lib/libBc_All_Atmega256rfr2_Atmega256rfr2_Gcc.a(machwiPollHandler.o)
 .text.machwdDataConfirmEmptyData
                0x0000ba10       0x1e ../../../../BitCloud/lib/libBc_All_Atmega256rfr2_Atmega256rfr2_Gcc.a(machwiPollHandler.o)
 .text.machwdDataConfirm
                0x0000ba2e       0x68 ../../../../BitCloud/lib/libBc_All_Atmega256rfr2_Atmega256rfr2_Gcc.a(machwiPollHandler.o)
 .text.machwiResetPollHandler
                0x0000ba96        0x6 ../../../../BitCloud/lib/libBc_All_Atmega256rfr2_Atmega256rfr2_Gcc.a(machwiPollHandler.o)
                0x0000ba96                machwiResetPollHandler
 .text.machwiPollInd
                0x0000ba9c       0x4e ../../../../BitCloud/lib/libBc_All_Atmega256rfr2_Atmega256rfr2_Gcc.a(machwiPollHandler.o)
                0x0000ba9c                machwiPollInd
 .text.machwiDataIndication
                0x0000baea      0x160 ../../../../BitCloud/lib/libBc_All_Atmega256rfr2_Atmega256rfr2_Gcc.a(machwiPollHandler.o)
                0x0000baea                machwiDataIndication
 .text.machwiPollReqHandler
                0x0000bc4a      0x118 ../../../../BitCloud/lib/libBc_All_Atmega256rfr2_Atmega256rfr2_Gcc.a(machwiPollHandler.o)
                0x0000bc4a                machwiPollReqHandler
 .text.machwiPollHandlerReplyWithEmptyDataFrame
                0x0000bd62       0x8a ../../../../BitCloud/lib/libBc_All_Atmega256rfr2_Atmega256rfr2_Gcc.a(machwiPollHandler.o)
                0x0000bd62                machwiPollHandlerReplyWithEmptyDataFrame
 .text.machwiPurgeReqHandler
                0x0000bdec       0x2c ../../../../BitCloud/lib/libBc_All_Atmega256rfr2_Atmega256rfr2_Gcc.a(machwiPurgeHandler.o)
                0x0000bdec                machwiPurgeReqHandler
 .text.machwdSetConfirm
                0x0000be18       0x1a ../../../../BitCloud/lib/libBc_All_Atmega256rfr2_Atmega256rfr2_Gcc.a(machwiResetHandler.o)
 .text.machwdSetTrxStateConfirm
                0x0000be32        0xa ../../../../BitCloud/lib/libBc_All_Atmega256rfr2_Atmega256rfr2_Gcc.a(machwiResetHandler.o)
 .text.machwiResetReqHandler
                0x0000be3c       0x96 ../../../../BitCloud/lib/libBc_All_Atmega256rfr2_Atmega256rfr2_Gcc.a(machwiResetHandler.o)
                0x0000be3c                machwiResetReqHandler
 .text.machwdSetTrxStateConfirm
                0x0000bed2        0xe ../../../../BitCloud/lib/libBc_All_Atmega256rfr2_Atmega256rfr2_Gcc.a(machwiRxEnableHandler.o)
 .text.machwiRxEnableReqHandler
                0x0000bee0       0x3a ../../../../BitCloud/lib/libBc_All_Atmega256rfr2_Atmega256rfr2_Gcc.a(machwiRxEnableHandler.o)
                0x0000bee0                machwiRxEnableReqHandler
 .text.switchToActiveChannel
                0x0000bf1a       0x2a ../../../../BitCloud/lib/libBc_All_Atmega256rfr2_Atmega256rfr2_Gcc.a(machwiScanHandler.o)
 .text.trxStateHandling
                0x0000bf44       0x18 ../../../../BitCloud/lib/libBc_All_Atmega256rfr2_Atmega256rfr2_Gcc.a(machwiScanHandler.o)
 .text.finishScan
                0x0000bf5c       0x18 ../../../../BitCloud/lib/libBc_All_Atmega256rfr2_Atmega256rfr2_Gcc.a(machwiScanHandler.o)
 .text.setNextChannel
                0x0000bf74       0x74 ../../../../BitCloud/lib/libBc_All_Atmega256rfr2_Atmega256rfr2_Gcc.a(machwiScanHandler.o)
 .text.machwdSetConfirm
                0x0000bfe8      0x2c4 ../../../../BitCloud/lib/libBc_All_Atmega256rfr2_Atmega256rfr2_Gcc.a(machwiScanHandler.o)
 .text.halScanTimerFired
                0x0000c2ac       0x24 ../../../../BitCloud/lib/libBc_All_Atmega256rfr2_Atmega256rfr2_Gcc.a(machwiScanHandler.o)
 .text.machwdDataConfirm
                0x0000c2d0       0x6e ../../../../BitCloud/lib/libBc_All_Atmega256rfr2_Atmega256rfr2_Gcc.a(machwiScanHandler.o)
 .text.machwdEdConfirm
                0x0000c33e       0xde ../../../../BitCloud/lib/libBc_All_Atmega256rfr2_Atmega256rfr2_Gcc.a(machwiScanHandler.o)
 .text.machwdSetTrxStateConfirm
                0x0000c41c       0xfa ../../../../BitCloud/lib/libBc_All_Atmega256rfr2_Atmega256rfr2_Gcc.a(machwiScanHandler.o)
 .text.machwiScanReqHandler
                0x0000c516      0x18e ../../../../BitCloud/lib/libBc_All_Atmega256rfr2_Atmega256rfr2_Gcc.a(machwiScanHandler.o)
                0x0000c516                machwiScanReqHandler
 .text.machwiBeaconInd
                0x0000c6a4      0x278 ../../../../BitCloud/lib/libBc_All_Atmega256rfr2_Atmega256rfr2_Gcc.a(machwiScanHandler.o)
                0x0000c6a4                machwiBeaconInd
 .text.machwiCoordRealignmentCommandInd
                0x0000c91c      0x11c ../../../../BitCloud/lib/libBc_All_Atmega256rfr2_Atmega256rfr2_Gcc.a(machwiScanHandler.o)
                0x0000c91c                machwiCoordRealignmentCommandInd
 .text.machwiResetScanHandler
                0x0000ca38        0x6 ../../../../BitCloud/lib/libBc_All_Atmega256rfr2_Atmega256rfr2_Gcc.a(machwiScanHandler.o)
                0x0000ca38                machwiResetScanHandler
 .text.machwdSetConfirm
                0x0000ca3e        0xc ../../../../BitCloud/lib/libBc_All_Atmega256rfr2_Atmega256rfr2_Gcc.a(machwiSetGetHandler.o)
 .text.machwiGetReqHandler
                0x0000ca4a       0x4c ../../../../BitCloud/lib/libBc_All_Atmega256rfr2_Atmega256rfr2_Gcc.a(machwiSetGetHandler.o)
                0x0000ca4a                machwiGetReqHandler
 .text.machwiSetReqHandler
                0x0000ca96       0xd0 ../../../../BitCloud/lib/libBc_All_Atmega256rfr2_Atmega256rfr2_Gcc.a(machwiSetGetHandler.o)
                0x0000ca96                machwiSetReqHandler
 .text.setHandling
                0x0000cb66       0x64 ../../../../BitCloud/lib/libBc_All_Atmega256rfr2_Atmega256rfr2_Gcc.a(machwiStartHandler.o)
 .text.setStartReqParam
                0x0000cbca       0xa2 ../../../../BitCloud/lib/libBc_All_Atmega256rfr2_Atmega256rfr2_Gcc.a(machwiStartHandler.o)
 .text.generateConfirm
                0x0000cc6c       0x38 ../../../../BitCloud/lib/libBc_All_Atmega256rfr2_Atmega256rfr2_Gcc.a(machwiStartHandler.o)
 .text.machwdSetConfirm
                0x0000cca4      0x15e ../../../../BitCloud/lib/libBc_All_Atmega256rfr2_Atmega256rfr2_Gcc.a(machwiStartHandler.o)
 .text.machwdDataConfirm
                0x0000ce02       0x32 ../../../../BitCloud/lib/libBc_All_Atmega256rfr2_Atmega256rfr2_Gcc.a(machwiStartHandler.o)
 .text.machwiStartReqHandler
                0x0000ce34       0x3c ../../../../BitCloud/lib/libBc_All_Atmega256rfr2_Atmega256rfr2_Gcc.a(machwiStartHandler.o)
                0x0000ce34                machwiStartReqHandler
 .text.machwiResetStartHandler
                0x0000ce70        0xa ../../../../BitCloud/lib/libBc_All_Atmega256rfr2_Atmega256rfr2_Gcc.a(machwiStartHandler.o)
                0x0000ce70                machwiResetStartHandler
 .text.machwdSetTrxStateConfirm
                0x0000ce7a        0xc ../../../../BitCloud/lib/libBc_All_Atmega256rfr2_Atmega256rfr2_Gcc.a(machwiSwitchRxCtrl.o)
 .text.machwiSwitchRxAccordToRxOnWhenIdle
                0x0000ce86       0x28 ../../../../BitCloud/lib/libBc_All_Atmega256rfr2_Atmega256rfr2_Gcc.a(machwiSwitchRxCtrl.o)
                0x0000ce86                machwiSwitchRxAccordToRxOnWhenIdle
 .text.machwiResetTransactionHandler
                0x0000ceae        0xa ../../../../BitCloud/lib/libBc_All_Atmega256rfr2_Atmega256rfr2_Gcc.a(machwiTransactionHandler.o)
                0x0000ceae                machwiResetTransactionHandler
 .text.machwiSendTransactionEvent
                0x0000ceb8      0x190 ../../../../BitCloud/lib/libBc_All_Atmega256rfr2_Atmega256rfr2_Gcc.a(machwiTransactionHandler.o)
                0x0000ceb8                machwiSendTransactionEvent
 .text.finishTransactionHandling
                0x0000d048       0xbe ../../../../BitCloud/lib/libBc_All_Atmega256rfr2_Atmega256rfr2_Gcc.a(machwiTransactionHandler.o)
 .text.machwdDataConfirm
                0x0000d106       0x54 ../../../../BitCloud/lib/libBc_All_Atmega256rfr2_Atmega256rfr2_Gcc.a(machwiTransactionHandler.o)
 .text.transactionTimerFired
                0x0000d15a       0x4e ../../../../BitCloud/lib/libBc_All_Atmega256rfr2_Atmega256rfr2_Gcc.a(machwiTransactionQueue.o)
 .text.machwiPutTransactionToQueue
                0x0000d1a8       0x60 ../../../../BitCloud/lib/libBc_All_Atmega256rfr2_Atmega256rfr2_Gcc.a(machwiTransactionQueue.o)
                0x0000d1a8                machwiPutTransactionToQueue
 .text.machwiGetActivatedTransactionFromQueue
                0x0000d208       0x1c ../../../../BitCloud/lib/libBc_All_Atmega256rfr2_Atmega256rfr2_Gcc.a(machwiTransactionQueue.o)
                0x0000d208                machwiGetActivatedTransactionFromQueue
 .text.machwiTestAndKickQueueTransactions
                0x0000d224      0x1ea ../../../../BitCloud/lib/libBc_All_Atmega256rfr2_Atmega256rfr2_Gcc.a(machwiTransactionQueue.o)
                0x0000d224                machwiTestAndKickQueueTransactions
 .text.machwiFillPendingAddrSpecAndList
                0x0000d40e        0xa ../../../../BitCloud/lib/libBc_All_Atmega256rfr2_Atmega256rfr2_Gcc.a(machwiTransactionQueue.o)
                0x0000d40e                machwiFillPendingAddrSpecAndList
 .text.machwiDeleteTransactionFromQueue
                0x0000d418       0x30 ../../../../BitCloud/lib/libBc_All_Atmega256rfr2_Atmega256rfr2_Gcc.a(machwiTransactionQueue.o)
                0x0000d418                machwiDeleteTransactionFromQueue
 .text.machwiPurgeTransactionFromQueue
                0x0000d448       0x36 ../../../../BitCloud/lib/libBc_All_Atmega256rfr2_Atmega256rfr2_Gcc.a(machwiTransactionQueue.o)
                0x0000d448                machwiPurgeTransactionFromQueue
 .text.machwiResetTransactionQueue
                0x0000d47e       0x60 ../../../../BitCloud/lib/libBc_All_Atmega256rfr2_Atmega256rfr2_Gcc.a(machwiTransactionQueue.o)
                0x0000d47e                machwiResetTransactionQueue
 .text.machwiTransactionQueueEmpty
                0x0000d4de       0x12 ../../../../BitCloud/lib/libBc_All_Atmega256rfr2_Atmega256rfr2_Gcc.a(machwiTransactionQueue.o)
                0x0000d4de                machwiTransactionQueueEmpty
 .text.nwkAddressConflictIsIdle
                0x0000d4f0        0xe ../../../../BitCloud/lib/libBc_All_Atmega256rfr2_Atmega256rfr2_Gcc.a(nwk.o)
 .text.nwkFindAddressMapEntryByShortAddr
                0x0000d4fe       0x32 ../../../../BitCloud/lib/libBc_All_Atmega256rfr2_Atmega256rfr2_Gcc.a(nwk.o)
 .text.unlikely.nwkClearBTR
                0x0000d530       0x44 ../../../../BitCloud/lib/libBc_All_Atmega256rfr2_Atmega256rfr2_Gcc.a(nwk.o)
 .text.nwkDataReqIsIdle
                0x0000d574        0xe ../../../../BitCloud/lib/libBc_All_Atmega256rfr2_Atmega256rfr2_Gcc.a(nwk.o)
 .text.nwkDiscoveryIsIdle
                0x0000d582        0xe ../../../../BitCloud/lib/libBc_All_Atmega256rfr2_Atmega256rfr2_Gcc.a(nwk.o)
 .text.nwkEDScanIsIdle
                0x0000d590        0xe ../../../../BitCloud/lib/libBc_All_Atmega256rfr2_Atmega256rfr2_Gcc.a(nwk.o)
 .text.nwkFormationIsIdle
                0x0000d59e        0xe ../../../../BitCloud/lib/libBc_All_Atmega256rfr2_Atmega256rfr2_Gcc.a(nwk.o)
 .text.unlikely.nwkParseHeader
                0x0000d5ac       0x9e ../../../../BitCloud/lib/libBc_All_Atmega256rfr2_Atmega256rfr2_Gcc.a(nwk.o)
 .text.nwkJoinIndIsIdle
                0x0000d64a       0x32 ../../../../BitCloud/lib/libBc_All_Atmega256rfr2_Atmega256rfr2_Gcc.a(nwk.o)
 .text.nwkJoinReqIsIdle
                0x0000d67c        0xe ../../../../BitCloud/lib/libBc_All_Atmega256rfr2_Atmega256rfr2_Gcc.a(nwk.o)
 .text.nwkJoinComplete
                0x0000d68a        0x8 ../../../../BitCloud/lib/libBc_All_Atmega256rfr2_Atmega256rfr2_Gcc.a(nwk.o)
 .text.nwkLeaveReqIsIdle
                0x0000d692        0xe ../../../../BitCloud/lib/libBc_All_Atmega256rfr2_Atmega256rfr2_Gcc.a(nwk.o)
 .text.nwkLinkStatusIsIdle
                0x0000d6a0        0xe ../../../../BitCloud/lib/libBc_All_Atmega256rfr2_Atmega256rfr2_Gcc.a(nwk.o)
 .text.nwkLoopbackIsIdle
                0x0000d6ae        0xe ../../../../BitCloud/lib/libBc_All_Atmega256rfr2_Atmega256rfr2_Gcc.a(nwk.o)
 .text.nwkNextSleepingChildForIndirectTx
                0x0000d6bc       0x4a ../../../../BitCloud/lib/libBc_All_Atmega256rfr2_Atmega256rfr2_Gcc.a(nwk.o)
 .text.nwkGetOutgoingCost
                0x0000d706       0x40 ../../../../BitCloud/lib/libBc_All_Atmega256rfr2_Atmega256rfr2_Gcc.a(nwk.o)
 .text.nwkClearNeighborTable
                0x0000d746       0x64 ../../../../BitCloud/lib/libBc_All_Atmega256rfr2_Atmega256rfr2_Gcc.a(nwk.o)
 .text.nwkFreeNeighbor
                0x0000d7aa       0x24 ../../../../BitCloud/lib/libBc_All_Atmega256rfr2_Atmega256rfr2_Gcc.a(nwk.o)
 .text.nwkFindEndDeviceChild
                0x0000d7ce       0x3e ../../../../BitCloud/lib/libBc_All_Atmega256rfr2_Atmega256rfr2_Gcc.a(nwk.o)
 .text.nwkOrphanMacCommStatusInd
                0x0000d80c        0x8 ../../../../BitCloud/lib/libBc_All_Atmega256rfr2_Atmega256rfr2_Gcc.a(nwk.o)
 .text.nwkFindPassiveAck
                0x0000d814       0x2e ../../../../BitCloud/lib/libBc_All_Atmega256rfr2_Atmega256rfr2_Gcc.a(nwk.o)
 .text.nwkNewPassiveAck
                0x0000d842      0x104 ../../../../BitCloud/lib/libBc_All_Atmega256rfr2_Atmega256rfr2_Gcc.a(nwk.o)
 .text.nwkFreePassiveAck
                0x0000d946       0x22 ../../../../BitCloud/lib/libBc_All_Atmega256rfr2_Atmega256rfr2_Gcc.a(nwk.o)
 .text.nwkPermitJoiningIsIdle
                0x0000d968       0x10 ../../../../BitCloud/lib/libBc_All_Atmega256rfr2_Atmega256rfr2_Gcc.a(nwk.o)
 .text.nwkResetIsIdle
                0x0000d978        0xe ../../../../BitCloud/lib/libBc_All_Atmega256rfr2_Atmega256rfr2_Gcc.a(nwk.o)
 .text.nwkRouteDiscoveryIsIdle
                0x0000d986       0x12 ../../../../BitCloud/lib/libBc_All_Atmega256rfr2_Atmega256rfr2_Gcc.a(nwk.o)
 .text.nwkFindRouteDiscoveryEntry
                0x0000d998       0x38 ../../../../BitCloud/lib/libBc_All_Atmega256rfr2_Atmega256rfr2_Gcc.a(nwk.o)
 .text.nwkFreeRouteDiscoveryEntry
                0x0000d9d0       0x3a ../../../../BitCloud/lib/libBc_All_Atmega256rfr2_Atmega256rfr2_Gcc.a(nwk.o)
 .text.nwkConfirmRouteRequestTx
                0x0000da0a       0x5a ../../../../BitCloud/lib/libBc_All_Atmega256rfr2_Atmega256rfr2_Gcc.a(nwk.o)
 .text.nwkRouteDiscoveryTableIsIdle
                0x0000da64        0xc ../../../../BitCloud/lib/libBc_All_Atmega256rfr2_Atmega256rfr2_Gcc.a(nwk.o)
 .text.nwkFindRoutingEntry
                0x0000da70       0x4a ../../../../BitCloud/lib/libBc_All_Atmega256rfr2_Atmega256rfr2_Gcc.a(nwk.o)
 .text.nwkFreeRoutingEntry
                0x0000daba       0x10 ../../../../BitCloud/lib/libBc_All_Atmega256rfr2_Atmega256rfr2_Gcc.a(nwk.o)
 .text.nwkUpdateNextHop
                0x0000daca       0xb6 ../../../../BitCloud/lib/libBc_All_Atmega256rfr2_Atmega256rfr2_Gcc.a(nwk.o)
 .text.nwkStartRouterIsIdle
                0x0000db80        0xe ../../../../BitCloud/lib/libBc_All_Atmega256rfr2_Atmega256rfr2_Gcc.a(nwk.o)
 .text.nwkSendRouteErrorConf
                0x0000db8e        0x6 ../../../../BitCloud/lib/libBc_All_Atmega256rfr2_Atmega256rfr2_Gcc.a(nwk.o)
 .text.nwkSyncIsIdle
                0x0000db94        0xe ../../../../BitCloud/lib/libBc_All_Atmega256rfr2_Atmega256rfr2_Gcc.a(nwk.o)
 .text.nwkPostTask
                0x0000dba2       0x4c ../../../../BitCloud/lib/libBc_All_Atmega256rfr2_Atmega256rfr2_Gcc.a(nwk.o)
 .text.nwkStartRouterMacStartConf
                0x0000dbee       0x18 ../../../../BitCloud/lib/libBc_All_Atmega256rfr2_Atmega256rfr2_Gcc.a(nwk.o)
 .text.nwkClearTaskBit
                0x0000dc06       0x2e ../../../../BitCloud/lib/libBc_All_Atmega256rfr2_Atmega256rfr2_Gcc.a(nwk.o)
 .text.nwkTxDelayIsIdle
                0x0000dc34       0x12 ../../../../BitCloud/lib/libBc_All_Atmega256rfr2_Atmega256rfr2_Gcc.a(nwk.o)
 .text.nwkPermitJoinTimerFired
                0x0000dc46       0x24 ../../../../BitCloud/lib/libBc_All_Atmega256rfr2_Atmega256rfr2_Gcc.a(nwk.o)
 .text.nwkStatusConf
                0x0000dc6a       0x2e ../../../../BitCloud/lib/libBc_All_Atmega256rfr2_Atmega256rfr2_Gcc.a(nwk.o)
 .text.nwkEDScanMacEDScanConf
                0x0000dc98       0x8e ../../../../BitCloud/lib/libBc_All_Atmega256rfr2_Atmega256rfr2_Gcc.a(nwk.o)
 .text.nwkFormationMacRxEnableConf
                0x0000dd26       0x72 ../../../../BitCloud/lib/libBc_All_Atmega256rfr2_Atmega256rfr2_Gcc.a(nwk.o)
 .text.nwkDiscoveryMacActiveScanConf
                0x0000dd98       0x7e ../../../../BitCloud/lib/libBc_All_Atmega256rfr2_Atmega256rfr2_Gcc.a(nwk.o)
 .text.NWK_JoinConf
                0x0000de16       0x7c ../../../../BitCloud/lib/libBc_All_Atmega256rfr2_Atmega256rfr2_Gcc.a(nwk.o)
 .text.nwkFindAddressMapEntryByExtAddr
                0x0000de92       0x52 ../../../../BitCloud/lib/libBc_All_Atmega256rfr2_Atmega256rfr2_Gcc.a(nwk.o)
 .text.nwkAddToAddressMap
                0x0000dee4      0x11a ../../../../BitCloud/lib/libBc_All_Atmega256rfr2_Atmega256rfr2_Gcc.a(nwk.o)
 .text.findFreeJoinIndObjFor
                0x0000dffe       0xbc ../../../../BitCloud/lib/libBc_All_Atmega256rfr2_Atmega256rfr2_Gcc.a(nwk.o)
 .text.nwkTxReq
                0x0000e0ba        0xe ../../../../BitCloud/lib/libBc_All_Atmega256rfr2_Atmega256rfr2_Gcc.a(nwk.o)
 .text.nwkResetTaskManager
                0x0000e0c8       0x18 ../../../../BitCloud/lib/libBc_All_Atmega256rfr2_Atmega256rfr2_Gcc.a(nwk.o)
 .text.getEnddeviceLifeTimeInMs
                0x0000e0e0       0x60 ../../../../BitCloud/lib/libBc_All_Atmega256rfr2_Atmega256rfr2_Gcc.a(nwk.o)
 .text.nwkSetLifeTimeOfNeighbor
                0x0000e140       0xa2 ../../../../BitCloud/lib/libBc_All_Atmega256rfr2_Atmega256rfr2_Gcc.a(nwk.o)
 .text.nwkAddBTTEntry
                0x0000e1e2      0x1c8 ../../../../BitCloud/lib/libBc_All_Atmega256rfr2_Atmega256rfr2_Gcc.a(nwk.o)
 .text.nwkAddOwnBTR
                0x0000e3aa        0xc ../../../../BitCloud/lib/libBc_All_Atmega256rfr2_Atmega256rfr2_Gcc.a(nwk.o)
 .text.nwkPermitJoiningMacSetConf
                0x0000e3b6       0x52 ../../../../BitCloud/lib/libBc_All_Atmega256rfr2_Atmega256rfr2_Gcc.a(nwk.o)
 .text.nwkResetAddressMap
                0x0000e408       0x86 ../../../../BitCloud/lib/libBc_All_Atmega256rfr2_Atmega256rfr2_Gcc.a(nwk.o)
 .text.nwkStopLinkStatusTimer
                0x0000e48e        0xc ../../../../BitCloud/lib/libBc_All_Atmega256rfr2_Atmega256rfr2_Gcc.a(nwk.o)
 .text.nwkResetRouteDiscoveryTable
                0x0000e49a       0x98 ../../../../BitCloud/lib/libBc_All_Atmega256rfr2_Atmega256rfr2_Gcc.a(nwk.o)
 .text.nwkRouteDiscoveryTableTimerFired
                0x0000e532       0x54 ../../../../BitCloud/lib/libBc_All_Atmega256rfr2_Atmega256rfr2_Gcc.a(nwk.o)
 .text.nwkResetNeighborTable
                0x0000e586       0x4e ../../../../BitCloud/lib/libBc_All_Atmega256rfr2_Atmega256rfr2_Gcc.a(nwk.o)
 .text.nwkAllocPacket
                0x0000e5d4       0xb8 ../../../../BitCloud/lib/libBc_All_Atmega256rfr2_Atmega256rfr2_Gcc.a(nwk.o)
 .text.nwkAllocOutputPacket
                0x0000e68c       0x56 ../../../../BitCloud/lib/libBc_All_Atmega256rfr2_Atmega256rfr2_Gcc.a(nwk.o)
 .text.nwkTryToProcessCommandReq
                0x0000e6e2       0x2a ../../../../BitCloud/lib/libBc_All_Atmega256rfr2_Atmega256rfr2_Gcc.a(nwk.o)
 .text.nwkCommandReq
                0x0000e70c       0x54 ../../../../BitCloud/lib/libBc_All_Atmega256rfr2_Atmega256rfr2_Gcc.a(nwk.o)
 .text.nwkFreePacket
                0x0000e760       0x4e ../../../../BitCloud/lib/libBc_All_Atmega256rfr2_Atmega256rfr2_Gcc.a(nwk.o)
 .text.nwkAllocInputPacket
                0x0000e7ae       0x26 ../../../../BitCloud/lib/libBc_All_Atmega256rfr2_Atmega256rfr2_Gcc.a(nwk.o)
 .text.nwkStartLinkStatusTimer
                0x0000e7d4        0xe ../../../../BitCloud/lib/libBc_All_Atmega256rfr2_Atmega256rfr2_Gcc.a(nwk.o)
 .text.nwkAllocRouteDiscoveryEntry
                0x0000e7e2       0x92 ../../../../BitCloud/lib/libBc_All_Atmega256rfr2_Atmega256rfr2_Gcc.a(nwk.o)
 .text.nwkStartAgeTimerOfNeighborTable
                0x0000e874       0x30 ../../../../BitCloud/lib/libBc_All_Atmega256rfr2_Atmega256rfr2_Gcc.a(nwk.o)
 .text.nwkFormationMacStartConf
                0x0000e8a4       0x9e ../../../../BitCloud/lib/libBc_All_Atmega256rfr2_Atmega256rfr2_Gcc.a(nwk.o)
 .text.unlikely.nwkInitInputPacket
                0x0000e942       0xac ../../../../BitCloud/lib/libBc_All_Atmega256rfr2_Atmega256rfr2_Gcc.a(nwk.o)
 .text.nwkPerformMacDataReq
                0x0000e9ee       0x28 ../../../../BitCloud/lib/libBc_All_Atmega256rfr2_Atmega256rfr2_Gcc.a(nwk.o)
 .text.nwkConfirmLeaveItselfTx
                0x0000ea16       0x20 ../../../../BitCloud/lib/libBc_All_Atmega256rfr2_Atmega256rfr2_Gcc.a(nwk.o)
 .text.nwkConfirmNetworkStatusTx
                0x0000ea36       0x6a ../../../../BitCloud/lib/libBc_All_Atmega256rfr2_Atmega256rfr2_Gcc.a(nwk.o)
 .text.nwkOrphanTaskHandler
                0x0000eaa0       0x6c ../../../../BitCloud/lib/libBc_All_Atmega256rfr2_Atmega256rfr2_Gcc.a(nwk.o)
 .text.nwkLoopbackTaskHandler
                0x0000eb0c      0x130 ../../../../BitCloud/lib/libBc_All_Atmega256rfr2_Atmega256rfr2_Gcc.a(nwk.o)
 .text.nwkDiscoveryTaskHandler
                0x0000ec3c       0xfe ../../../../BitCloud/lib/libBc_All_Atmega256rfr2_Atmega256rfr2_Gcc.a(nwk.o)
 .text.nwkDataConfTaskHandler
                0x0000ed3a       0xa2 ../../../../BitCloud/lib/libBc_All_Atmega256rfr2_Atmega256rfr2_Gcc.a(nwk.o)
 .text.nwkBroadcastForMe
                0x0000eddc       0x50 ../../../../BitCloud/lib/libBc_All_Atmega256rfr2_Atmega256rfr2_Gcc.a(nwk.o)
 .text.nwkMacEventHandler
                0x0000ee2c       0x1a ../../../../BitCloud/lib/libBc_All_Atmega256rfr2_Atmega256rfr2_Gcc.a(nwk.o)
 .text.nwkIsJoiningForbidden
                0x0000ee46       0x4c ../../../../BitCloud/lib/libBc_All_Atmega256rfr2_Atmega256rfr2_Gcc.a(nwk.o)
 .text.unlikely.nwkIsPassiveAckDone.isra.6
                0x0000ee92       0x9e ../../../../BitCloud/lib/libBc_All_Atmega256rfr2_Atmega256rfr2_Gcc.a(nwk.o)
 .text.nwkRouteDiscoveryTaskHandler
                0x0000ef30      0x17c ../../../../BitCloud/lib/libBc_All_Atmega256rfr2_Atmega256rfr2_Gcc.a(nwk.o)
 .text.nwkOrphanConfirmRequest
                0x0000f0ac       0xb2 ../../../../BitCloud/lib/libBc_All_Atmega256rfr2_Atmega256rfr2_Gcc.a(nwk.o)
 .text.nwkOrphanMacScanConf
                0x0000f15e       0x3c ../../../../BitCloud/lib/libBc_All_Atmega256rfr2_Atmega256rfr2_Gcc.a(nwk.o)
 .text.nwkDataConf
                0x0000f19a       0x56 ../../../../BitCloud/lib/libBc_All_Atmega256rfr2_Atmega256rfr2_Gcc.a(nwk.o)
 .text.nwkConfirmDataTx
                0x0000f1f0       0x34 ../../../../BitCloud/lib/libBc_All_Atmega256rfr2_Atmega256rfr2_Gcc.a(nwk.o)
 .text.freeJoinIndObj
                0x0000f224       0x3e ../../../../BitCloud/lib/libBc_All_Atmega256rfr2_Atmega256rfr2_Gcc.a(nwk.o)
 .text.nwkJoinIndTaskHandler
                0x0000f262      0x15a ../../../../BitCloud/lib/libBc_All_Atmega256rfr2_Atmega256rfr2_Gcc.a(nwk.o)
 .text.NWK_NetworkDiscoveryConf.part.20
                0x0000f3bc       0x2e ../../../../BitCloud/lib/libBc_All_Atmega256rfr2_Atmega256rfr2_Gcc.a(nwk.o)
 .text.NWK_NetworkDiscoveryConf
                0x0000f3ea       0x22 ../../../../BitCloud/lib/libBc_All_Atmega256rfr2_Atmega256rfr2_Gcc.a(nwk.o)
 .text.nwkBTTTimerFired
                0x0000f40c       0xbe ../../../../BitCloud/lib/libBc_All_Atmega256rfr2_Atmega256rfr2_Gcc.a(nwk.o)
 .text.nwkLinkStatusTimerFired
                0x0000f4ca       0x14 ../../../../BitCloud/lib/libBc_All_Atmega256rfr2_Atmega256rfr2_Gcc.a(nwk.o)
 .text.nwkConfirmLinkStatusTx
                0x0000f4de       0x8e ../../../../BitCloud/lib/libBc_All_Atmega256rfr2_Atmega256rfr2_Gcc.a(nwk.o)
 .text.nwkOrphanMacRxEnableConf
                0x0000f56c       0x2a ../../../../BitCloud/lib/libBc_All_Atmega256rfr2_Atmega256rfr2_Gcc.a(nwk.o)
 .text.nwkSilentJoinConfirmRequest
                0x0000f596       0x8e ../../../../BitCloud/lib/libBc_All_Atmega256rfr2_Atmega256rfr2_Gcc.a(nwk.o)
 .text.nwkSilentJoinMacSetConf
                0x0000f624       0xf0 ../../../../BitCloud/lib/libBc_All_Atmega256rfr2_Atmega256rfr2_Gcc.a(nwk.o)
 .text.nwkSilentJoinMacRxEnableConf
                0x0000f714       0x12 ../../../../BitCloud/lib/libBc_All_Atmega256rfr2_Atmega256rfr2_Gcc.a(nwk.o)
 .text.nwkResetTaskHandler
                0x0000f726       0x5e ../../../../BitCloud/lib/libBc_All_Atmega256rfr2_Atmega256rfr2_Gcc.a(nwk.o)
 .text.nwkOrphanMacSetConf
                0x0000f784       0xda ../../../../BitCloud/lib/libBc_All_Atmega256rfr2_Atmega256rfr2_Gcc.a(nwk.o)
 .text.nwkEDScanTaskHandler
                0x0000f85e       0xf2 ../../../../BitCloud/lib/libBc_All_Atmega256rfr2_Atmega256rfr2_Gcc.a(nwk.o)
 .text.nwkStartRouterTaskHandler
                0x0000f950       0xc8 ../../../../BitCloud/lib/libBc_All_Atmega256rfr2_Atmega256rfr2_Gcc.a(nwk.o)
 .text.nwkSyncMacPollConf
                0x0000fa18       0x5a ../../../../BitCloud/lib/libBc_All_Atmega256rfr2_Atmega256rfr2_Gcc.a(nwk.o)
 .text.nwkRemoveItself.constprop.75
                0x0000fa72       0x2a ../../../../BitCloud/lib/libBc_All_Atmega256rfr2_Atmega256rfr2_Gcc.a(nwk.o)
 .text.nwkPermitJoiningTaskHandler
                0x0000fa9c      0x134 ../../../../BitCloud/lib/libBc_All_Atmega256rfr2_Atmega256rfr2_Gcc.a(nwk.o)
 .text.NWK_LeaveConf
                0x0000fbd0       0x4a ../../../../BitCloud/lib/libBc_All_Atmega256rfr2_Atmega256rfr2_Gcc.a(nwk.o)
 .text.nwkPrepareCommonFrame
                0x0000fc1a       0x4a ../../../../BitCloud/lib/libBc_All_Atmega256rfr2_Atmega256rfr2_Gcc.a(nwk.o)
 .text.nwkPrepareLeaveChildTx
                0x0000fc64       0xb0 ../../../../BitCloud/lib/libBc_All_Atmega256rfr2_Atmega256rfr2_Gcc.a(nwk.o)
 .text.nwkPrepareLeaveItselfTx
                0x0000fd14       0x96 ../../../../BitCloud/lib/libBc_All_Atmega256rfr2_Atmega256rfr2_Gcc.a(nwk.o)
 .text.nwkPrepareJoinRespTx
                0x0000fdaa       0xf6 ../../../../BitCloud/lib/libBc_All_Atmega256rfr2_Atmega256rfr2_Gcc.a(nwk.o)
 .text.nwkPrepareJoinReqTx
                0x0000fea0       0x82 ../../../../BitCloud/lib/libBc_All_Atmega256rfr2_Atmega256rfr2_Gcc.a(nwk.o)
 .text.nwkPrepareLinkStatusTx
                0x0000ff22      0x30a ../../../../BitCloud/lib/libBc_All_Atmega256rfr2_Atmega256rfr2_Gcc.a(nwk.o)
 .text.nwkStatusReq
                0x0001022c       0x42 ../../../../BitCloud/lib/libBc_All_Atmega256rfr2_Atmega256rfr2_Gcc.a(nwk.o)
 .text.nwkSendRouteErrorStatus.constprop.65
                0x0001026e       0x3a ../../../../BitCloud/lib/libBc_All_Atmega256rfr2_Atmega256rfr2_Gcc.a(nwk.o)
 .text.nwkLinkFrameFragmentationTimerFired
                0x000102a8       0x22 ../../../../BitCloud/lib/libBc_All_Atmega256rfr2_Atmega256rfr2_Gcc.a(nwk.o)
 .text.nwkSyncTaskHandler
                0x000102ca       0xa6 ../../../../BitCloud/lib/libBc_All_Atmega256rfr2_Atmega256rfr2_Gcc.a(nwk.o)
 .text.nwkUpdateCapacityBits
                0x00010370       0x62 ../../../../BitCloud/lib/libBc_All_Atmega256rfr2_Atmega256rfr2_Gcc.a(nwk.o)
 .text.nwkUpdateCapacityBitsInBeacon
                0x000103d2       0x36 ../../../../BitCloud/lib/libBc_All_Atmega256rfr2_Atmega256rfr2_Gcc.a(nwk.o)
 .text.nwkUpdateBeaconPayload
                0x00010408       0x88 ../../../../BitCloud/lib/libBc_All_Atmega256rfr2_Atmega256rfr2_Gcc.a(nwk.o)
 .text.nwkOrphanMacGetConf
                0x00010490       0x94 ../../../../BitCloud/lib/libBc_All_Atmega256rfr2_Atmega256rfr2_Gcc.a(nwk.o)
 .text.nwkFormationMacSetConf
                0x00010524      0x18c ../../../../BitCloud/lib/libBc_All_Atmega256rfr2_Atmega256rfr2_Gcc.a(nwk.o)
 .text.nwkReloadNibFromConfigServer
                0x000106b0       0xf6 ../../../../BitCloud/lib/libBc_All_Atmega256rfr2_Atmega256rfr2_Gcc.a(nwk.o)
 .text.nwkSilentJoinTaskHandler
                0x000107a6       0x70 ../../../../BitCloud/lib/libBc_All_Atmega256rfr2_Atmega256rfr2_Gcc.a(nwk.o)
 .text.nwkFormationTaskHandler
                0x00010816      0x202 ../../../../BitCloud/lib/libBc_All_Atmega256rfr2_Atmega256rfr2_Gcc.a(nwk.o)
 .text.nwkTxConf
                0x00010a18      0x1cc ../../../../BitCloud/lib/libBc_All_Atmega256rfr2_Atmega256rfr2_Gcc.a(nwk.o)
 .text.nwkProcessDelayStatus
                0x00010be4      0x212 ../../../../BitCloud/lib/libBc_All_Atmega256rfr2_Atmega256rfr2_Gcc.a(nwk.o)
 .text.nwkTxDelayTimerFired
                0x00010df6       0x80 ../../../../BitCloud/lib/libBc_All_Atmega256rfr2_Atmega256rfr2_Gcc.a(nwk.o)
 .text.nwkAddressConflictMacSetConf
                0x00010e76       0xc8 ../../../../BitCloud/lib/libBc_All_Atmega256rfr2_Atmega256rfr2_Gcc.a(nwk.o)
 .text.nwkRemoveAllChildren.constprop.73
                0x00010f3e       0xbc ../../../../BitCloud/lib/libBc_All_Atmega256rfr2_Atmega256rfr2_Gcc.a(nwk.o)
 .text.nwkConfirmLeaveChildTx
                0x00010ffa       0x34 ../../../../BitCloud/lib/libBc_All_Atmega256rfr2_Atmega256rfr2_Gcc.a(nwk.o)
 .text.nwkFormationMacEDScanConf
                0x0001102e      0x17a ../../../../BitCloud/lib/libBc_All_Atmega256rfr2_Atmega256rfr2_Gcc.a(nwk.o)
 .text.nwkFormationMacActiveScanConf
                0x000111a8      0x29e ../../../../BitCloud/lib/libBc_All_Atmega256rfr2_Atmega256rfr2_Gcc.a(nwk.o)
 .text.NWK_GetShortAddr
                0x00011446        0xa ../../../../BitCloud/lib/libBc_All_Atmega256rfr2_Atmega256rfr2_Gcc.a(nwk.o)
                0x00011446                NWK_GetShortAddr
 .text.NWK_IsStaticAddressingMode
                0x00011450        0x6 ../../../../BitCloud/lib/libBc_All_Atmega256rfr2_Atmega256rfr2_Gcc.a(nwk.o)
                0x00011450                NWK_IsStaticAddressingMode
 .text.NWK_RemoveFromAddressMap
                0x00011456       0x12 ../../../../BitCloud/lib/libBc_All_Atmega256rfr2_Atmega256rfr2_Gcc.a(nwk.o)
                0x00011456                NWK_RemoveFromAddressMap
 .text.NWK_NetworkDiscoveryReq
                0x00011468       0x40 ../../../../BitCloud/lib/libBc_All_Atmega256rfr2_Atmega256rfr2_Gcc.a(nwk.o)
                0x00011468                NWK_NetworkDiscoveryReq
 .text.nwkJoinReqTaskHandler
                0x000114a8      0x188 ../../../../BitCloud/lib/libBc_All_Atmega256rfr2_Atmega256rfr2_Gcc.a(nwk.o)
 .text.NWK_EDScanReq
                0x00011630       0x40 ../../../../BitCloud/lib/libBc_All_Atmega256rfr2_Atmega256rfr2_Gcc.a(nwk.o)
                0x00011630                NWK_EDScanReq
 .text.NWK_NetworkFormationReq
                0x00011670       0x40 ../../../../BitCloud/lib/libBc_All_Atmega256rfr2_Atmega256rfr2_Gcc.a(nwk.o)
                0x00011670                NWK_NetworkFormationReq
 .text.NWK_IsGroupMember
                0x000116b0       0x50 ../../../../BitCloud/lib/libBc_All_Atmega256rfr2_Atmega256rfr2_Gcc.a(nwk.o)
                0x000116b0                NWK_IsGroupMember
 .text.nwkRetransmitInputPacket
                0x00011700      0x152 ../../../../BitCloud/lib/libBc_All_Atmega256rfr2_Atmega256rfr2_Gcc.a(nwk.o)
 .text.unlikely.nwkRxRetransmit
                0x00011852       0x90 ../../../../BitCloud/lib/libBc_All_Atmega256rfr2_Atmega256rfr2_Gcc.a(nwk.o)
 .text.NWK_DataResp
                0x000118e2       0x18 ../../../../BitCloud/lib/libBc_All_Atmega256rfr2_Atmega256rfr2_Gcc.a(nwk.o)
                0x000118e2                NWK_DataResp
 .text.NWK_ResetGroups
                0x000118fa       0x56 ../../../../BitCloud/lib/libBc_All_Atmega256rfr2_Atmega256rfr2_Gcc.a(nwk.o)
                0x000118fa                NWK_ResetGroups
 .text.nwkLeaveReqMacResetConf
                0x00011950      0x11e ../../../../BitCloud/lib/libBc_All_Atmega256rfr2_Atmega256rfr2_Gcc.a(nwk.o)
 .text.nwkResetMacResetConf
                0x00011a6e      0x4f0 ../../../../BitCloud/lib/libBc_All_Atmega256rfr2_Atmega256rfr2_Gcc.a(nwk.o)
 .text.NWK_GetParentShortAddr
                0x00011f5e        0xa ../../../../BitCloud/lib/libBc_All_Atmega256rfr2_Atmega256rfr2_Gcc.a(nwk.o)
                0x00011f5e                NWK_GetParentShortAddr
 .text.NWK_GetPanId
                0x00011f68        0xa ../../../../BitCloud/lib/libBc_All_Atmega256rfr2_Atmega256rfr2_Gcc.a(nwk.o)
                0x00011f68                NWK_GetPanId
 .text.NWK_GetExtPanId
                0x00011f72       0x16 ../../../../BitCloud/lib/libBc_All_Atmega256rfr2_Atmega256rfr2_Gcc.a(nwk.o)
                0x00011f72                NWK_GetExtPanId
 .text.NWK_SetExtPanId
                0x00011f88       0x28 ../../../../BitCloud/lib/libBc_All_Atmega256rfr2_Atmega256rfr2_Gcc.a(nwk.o)
                0x00011f88                NWK_SetExtPanId
 .text.NWK_GetDeviceType
                0x00011fb0        0x6 ../../../../BitCloud/lib/libBc_All_Atmega256rfr2_Atmega256rfr2_Gcc.a(nwk.o)
                0x00011fb0                NWK_GetDeviceType
 .text.NWK_GetLogicalChannel
                0x00011fb6        0x6 ../../../../BitCloud/lib/libBc_All_Atmega256rfr2_Atmega256rfr2_Gcc.a(nwk.o)
                0x00011fb6                NWK_GetLogicalChannel
 .text.NWK_SetLogicalChannel
                0x00011fbc        0xe ../../../../BitCloud/lib/libBc_All_Atmega256rfr2_Atmega256rfr2_Gcc.a(nwk.o)
                0x00011fbc                NWK_SetLogicalChannel
 .text.NWK_GetBroadcastDeliveryTime
                0x00011fca       0x12 ../../../../BitCloud/lib/libBc_All_Atmega256rfr2_Atmega256rfr2_Gcc.a(nwk.o)
                0x00011fca                NWK_GetBroadcastDeliveryTime
 .text.NWK_SetManagerAddr
                0x00011fdc        0xa ../../../../BitCloud/lib/libBc_All_Atmega256rfr2_Atmega256rfr2_Gcc.a(nwk.o)
                0x00011fdc                NWK_SetManagerAddr
 .text.NWK_SetUpdateId
                0x00011fe6       0x12 ../../../../BitCloud/lib/libBc_All_Atmega256rfr2_Atmega256rfr2_Gcc.a(nwk.o)
                0x00011fe6                NWK_SetUpdateId
 .text.NWK_GetTransmitCouner
                0x00011ff8        0xa ../../../../BitCloud/lib/libBc_All_Atmega256rfr2_Atmega256rfr2_Gcc.a(nwk.o)
                0x00011ff8                NWK_GetTransmitCouner
 .text.NWK_GetTransmitFailureCounter
                0x00012002        0xa ../../../../BitCloud/lib/libBc_All_Atmega256rfr2_Atmega256rfr2_Gcc.a(nwk.o)
                0x00012002                NWK_GetTransmitFailureCounter
 .text.NWK_ResetTransmitCounters
                0x0001200c       0x12 ../../../../BitCloud/lib/libBc_All_Atmega256rfr2_Atmega256rfr2_Gcc.a(nwk.o)
                0x0001200c                NWK_ResetTransmitCounters
 .text.NWK_IsNewUpdateIdNonLess
                0x0001201e       0x38 ../../../../BitCloud/lib/libBc_All_Atmega256rfr2_Atmega256rfr2_Gcc.a(nwk.o)
                0x0001201e                NWK_IsNewUpdateIdNonLess
 .text.nwkFindDeviceToJoin
                0x00012056      0x17a ../../../../BitCloud/lib/libBc_All_Atmega256rfr2_Atmega256rfr2_Gcc.a(nwk.o)
 .text.nwkAssociate
                0x000121d0       0x9c ../../../../BitCloud/lib/libBc_All_Atmega256rfr2_Atmega256rfr2_Gcc.a(nwk.o)
 .text.nwkGetSuitableParent
                0x0001226c       0x7e ../../../../BitCloud/lib/libBc_All_Atmega256rfr2_Atmega256rfr2_Gcc.a(nwk.o)
 .text.nwkRejoinResponseFrameInd
                0x000122ea      0x14a ../../../../BitCloud/lib/libBc_All_Atmega256rfr2_Atmega256rfr2_Gcc.a(nwk.o)
 .text.nwkRejoinCmdPrepareAndSend
                0x00012434       0x2a ../../../../BitCloud/lib/libBc_All_Atmega256rfr2_Atmega256rfr2_Gcc.a(nwk.o)
 .text.nwkJoinReqMacRxEnableConf
                0x0001245e       0x6c ../../../../BitCloud/lib/libBc_All_Atmega256rfr2_Atmega256rfr2_Gcc.a(nwk.o)
 .text.nwkJoinReqMacGetConf
                0x000124ca       0x3a ../../../../BitCloud/lib/libBc_All_Atmega256rfr2_Atmega256rfr2_Gcc.a(nwk.o)
 .text.nwkConfirmJoinReqTx
                0x00012504       0x5e ../../../../BitCloud/lib/libBc_All_Atmega256rfr2_Atmega256rfr2_Gcc.a(nwk.o)
 .text.responseWaitTimerFired
                0x00012562       0x4a ../../../../BitCloud/lib/libBc_All_Atmega256rfr2_Atmega256rfr2_Gcc.a(nwk.o)
 .text.nwkJoinReqMacPollConf
                0x000125ac       0x5c ../../../../BitCloud/lib/libBc_All_Atmega256rfr2_Atmega256rfr2_Gcc.a(nwk.o)
 .text.macLatencyFired
                0x00012608        0x4 ../../../../BitCloud/lib/libBc_All_Atmega256rfr2_Atmega256rfr2_Gcc.a(nwk.o)
 .text.NWK_JoinReq
                0x0001260c       0x62 ../../../../BitCloud/lib/libBc_All_Atmega256rfr2_Atmega256rfr2_Gcc.a(nwk.o)
                0x0001260c                NWK_JoinReq
 .text.NWK_RemoveNeighbor
                0x0001266e       0x8e ../../../../BitCloud/lib/libBc_All_Atmega256rfr2_Atmega256rfr2_Gcc.a(nwk.o)
                0x0001266e                NWK_RemoveNeighbor
 .text.neighborTimerFired
                0x000126fc       0xd8 ../../../../BitCloud/lib/libBc_All_Atmega256rfr2_Atmega256rfr2_Gcc.a(nwk.o)
 .text.NWK_LeaveReq
                0x000127d4       0x20 ../../../../BitCloud/lib/libBc_All_Atmega256rfr2_Atmega256rfr2_Gcc.a(nwk.o)
                0x000127d4                NWK_LeaveReq
 .text.nwkUpdateOutgoingCostAndLifeTime
                0x000127f4       0x46 ../../../../BitCloud/lib/libBc_All_Atmega256rfr2_Atmega256rfr2_Gcc.a(nwk.o)
                0x000127f4                nwkUpdateOutgoingCostAndLifeTime
 .text.NWK_ForceLinkStatusSending
                0x0001283a       0x18 ../../../../BitCloud/lib/libBc_All_Atmega256rfr2_Atmega256rfr2_Gcc.a(nwk.o)
                0x0001283a                NWK_ForceLinkStatusSending
 .text.NWK_LoopbackTxReq
                0x00012852       0x20 ../../../../BitCloud/lib/libBc_All_Atmega256rfr2_Atmega256rfr2_Gcc.a(nwk.o)
                0x00012852                NWK_LoopbackTxReq
 .text.NWK_DataReq
                0x00012872      0x2ba ../../../../BitCloud/lib/libBc_All_Atmega256rfr2_Atmega256rfr2_Gcc.a(nwk.o)
                0x00012872                NWK_DataReq
 .text.NWK_NextEDChild
                0x00012b2c       0x4a ../../../../BitCloud/lib/libBc_All_Atmega256rfr2_Atmega256rfr2_Gcc.a(nwk.o)
                0x00012b2c                NWK_NextEDChild
 .text.NWK_FindNeighborByShortAddr
                0x00012b76       0x44 ../../../../BitCloud/lib/libBc_All_Atmega256rfr2_Atmega256rfr2_Gcc.a(nwk.o)
                0x00012b76                NWK_FindNeighborByShortAddr
 .text.NWK_GetExtByShortAddress
                0x00012bba       0x58 ../../../../BitCloud/lib/libBc_All_Atmega256rfr2_Atmega256rfr2_Gcc.a(nwk.o)
                0x00012bba                NWK_GetExtByShortAddress
 .text.nwkPrepareRouteRequestTx
                0x00012c12      0x14e ../../../../BitCloud/lib/libBc_All_Atmega256rfr2_Atmega256rfr2_Gcc.a(nwk.o)
 .text.nwkAllocNonConflAddr
                0x00012d60       0xdc ../../../../BitCloud/lib/libBc_All_Atmega256rfr2_Atmega256rfr2_Gcc.a(nwk.o)
 .text.nwkAllocateShortAddr.isra.55
                0x00012e3c       0x92 ../../../../BitCloud/lib/libBc_All_Atmega256rfr2_Atmega256rfr2_Gcc.a(nwk.o)
 .text.nwkResolveAddressConflict
                0x00012ece      0x21e ../../../../BitCloud/lib/libBc_All_Atmega256rfr2_Atmega256rfr2_Gcc.a(nwk.o)
 .text.nwkStatusFrameInd
                0x000130ec       0x44 ../../../../BitCloud/lib/libBc_All_Atmega256rfr2_Atmega256rfr2_Gcc.a(nwk.o)
 .text.nwkAddressConflictTaskHandler
                0x00013130       0x9e ../../../../BitCloud/lib/libBc_All_Atmega256rfr2_Atmega256rfr2_Gcc.a(nwk.o)
 .text.nwkJoinReqMacSetConf
                0x000131ce      0x20a ../../../../BitCloud/lib/libBc_All_Atmega256rfr2_Atmega256rfr2_Gcc.a(nwk.o)
 .text.nwkGetNextHop
                0x000133d8      0x1da ../../../../BitCloud/lib/libBc_All_Atmega256rfr2_Atmega256rfr2_Gcc.a(nwk.o)
 .text.nwkPrepareNetworkStatusTx
                0x000135b2      0x132 ../../../../BitCloud/lib/libBc_All_Atmega256rfr2_Atmega256rfr2_Gcc.a(nwk.o)
 .text.nwkPrepareRouteReplyTx
                0x000136e4      0x2dc ../../../../BitCloud/lib/libBc_All_Atmega256rfr2_Atmega256rfr2_Gcc.a(nwk.o)
 .text.nwkTxDelayReq
                0x000139c0      0x29e ../../../../BitCloud/lib/libBc_All_Atmega256rfr2_Atmega256rfr2_Gcc.a(nwk.o)
 .text.MAC_DataConf
                0x00013c5e       0x2e ../../../../BitCloud/lib/libBc_All_Atmega256rfr2_Atmega256rfr2_Gcc.a(nwk.o)
 .text.nwkTransmitOutputPacket.constprop.61
                0x00013c8c       0x46 ../../../../BitCloud/lib/libBc_All_Atmega256rfr2_Atmega256rfr2_Gcc.a(nwk.o)
 .text.nwkMeshRouteDiscoveryConf
                0x00013cd2       0x5e ../../../../BitCloud/lib/libBc_All_Atmega256rfr2_Atmega256rfr2_Gcc.a(nwk.o)
 .text.nwkSendDiscoveryCommand
                0x00013d30       0x6c ../../../../BitCloud/lib/libBc_All_Atmega256rfr2_Atmega256rfr2_Gcc.a(nwk.o)
 .text.nwkRouteDiscoveryTableTaskHandler
                0x00013d9c       0xae ../../../../BitCloud/lib/libBc_All_Atmega256rfr2_Atmega256rfr2_Gcc.a(nwk.o)
 .text.NWK_FindNeighborByExtAddr